Component: ARM Compiler 5.06 update 7 (build 960) Tool: armlink [4d3601]

==============================================================================

Section Cross References

    startup_stm32f407xx.o(RESET) refers to startup_stm32f407xx.o(STACK) for __initial_sp
    startup_stm32f407xx.o(RESET) refers to startup_stm32f407xx.o(.text) for Reset_Handler
    startup_stm32f407xx.o(RESET) refers to stm32f4xx_it.o(i.NMI_Handler) for NMI_Handler
    startup_stm32f407xx.o(RESET) refers to stm32f4xx_it.o(i.HardFault_Handler) for HardFault_Handler
    startup_stm32f407xx.o(RESET) refers to stm32f4xx_it.o(i.MemManage_Handler) for MemManage_Handler
    startup_stm32f407xx.o(RESET) refers to stm32f4xx_it.o(i.BusFault_Handler) for BusFault_Handler
    startup_stm32f407xx.o(RESET) refers to stm32f4xx_it.o(i.UsageFault_Handler) for UsageFault_Handler
    startup_stm32f407xx.o(RESET) refers to port.o(.emb_text) for SVC_Handler
    startup_stm32f407xx.o(RESET) refers to stm32f4xx_it.o(i.DebugMon_Handler) for DebugMon_Handler
    startup_stm32f407xx.o(RESET) refers to cmsis_os2.o(i.SysTick_Handler) for SysTick_Handler
    startup_stm32f407xx.o(RESET) refers to stm32f4xx_it.o(i.TIM8_TRG_COM_TIM14_IRQHandler) for TIM8_TRG_COM_TIM14_IRQHandler
    startup_stm32f407xx.o(RESET) refers to stm32f4xx_it.o(i.ETH_IRQHandler) for ETH_IRQHandler
    startup_stm32f407xx.o(.text) refers to system_stm32f4xx.o(i.SystemInit) for SystemInit
    startup_stm32f407xx.o(.text) refers to entry.o(.ARM.Collect$$$$00000000) for __main
    main.o(i.HAL_TIM_PeriodElapsedCallback) refers to stm32f4xx_hal.o(i.HAL_IncTick) for HAL_IncTick
    main.o(i.SystemClock_Config) refers to memseta.o(.text) for __aeabi_memclr4
    main.o(i.SystemClock_Config) refers to stm32f4xx_hal_rcc.o(i.HAL_RCC_OscConfig) for HAL_RCC_OscConfig
    main.o(i.SystemClock_Config) refers to stm32f4xx_hal_rcc.o(i.HAL_RCC_ClockConfig) for HAL_RCC_ClockConfig
    main.o(i.main) refers to stm32f4xx_hal.o(i.HAL_Init) for HAL_Init
    main.o(i.main) refers to main.o(i.SystemClock_Config) for SystemClock_Config
    main.o(i.main) refers to gpio.o(i.MX_GPIO_Init) for MX_GPIO_Init
    main.o(i.main) refers to cmsis_os2.o(i.osKernelInitialize) for osKernelInitialize
    main.o(i.main) refers to freertos.o(i.MX_FREERTOS_Init) for MX_FREERTOS_Init
    main.o(i.main) refers to cmsis_os2.o(i.osKernelStart) for osKernelStart
    gpio.o(i.MX_GPIO_Init) refers to memseta.o(.text) for __aeabi_memclr4
    gpio.o(i.MX_GPIO_Init) refers to stm32f4xx_hal_gpio.o(i.HAL_GPIO_WritePin) for HAL_GPIO_WritePin
    gpio.o(i.MX_GPIO_Init) refers to stm32f4xx_hal_gpio.o(i.HAL_GPIO_Init) for HAL_GPIO_Init
    freertos.o(i.MX_FREERTOS_Init) refers to cmsis_os2.o(i.osSemaphoreNew) for osSemaphoreNew
    freertos.o(i.MX_FREERTOS_Init) refers to cmsis_os2.o(i.osThreadNew) for osThreadNew
    freertos.o(i.MX_FREERTOS_Init) refers to freertos.o(.constdata) for .constdata
    freertos.o(i.MX_FREERTOS_Init) refers to freertos.o(.data) for .data
    freertos.o(i.MX_FREERTOS_Init) refers to freertos.o(i.StartTask01) for StartTask01
    freertos.o(i.MX_FREERTOS_Init) refers to freertos.o(i.StartTask02) for StartTask02
    freertos.o(i.StartTask01) refers to lwip.o(i.MX_LWIP_Init) for MX_LWIP_Init
    freertos.o(i.StartTask01) refers to lwip.o(i.vThreadServerTask) for vThreadServerTask
    freertos.o(i.StartTask01) refers to cmsis_os2.o(i.osDelay) for osDelay
    freertos.o(i.StartTask02) refers to cmsis_os2.o(i.osDelay) for osDelay
    freertos.o(i.StartTask02) refers to stm32f4xx_hal_gpio.o(i.HAL_GPIO_TogglePin) for HAL_GPIO_TogglePin
    freertos.o(i.StartTask02) refers to cmsis_os2.o(i.osSemaphoreGetCount) for osSemaphoreGetCount
    freertos.o(i.StartTask02) refers to freertos.o(.data) for .data
    freertos.o(.constdata) refers to freertos.o(.conststring) for .conststring
    stm32f4xx_it.o(i.ETH_IRQHandler) refers to stm32f4xx_hal_eth.o(i.HAL_ETH_IRQHandler) for HAL_ETH_IRQHandler
    stm32f4xx_it.o(i.ETH_IRQHandler) refers to ethernetif.o(.bss) for heth
    stm32f4xx_it.o(i.TIM8_TRG_COM_TIM14_IRQHandler) refers to stm32f4xx_hal_tim.o(i.HAL_TIM_IRQHandler) for HAL_TIM_IRQHandler
    stm32f4xx_it.o(i.TIM8_TRG_COM_TIM14_IRQHandler) refers to stm32f4xx_hal_timebase_tim.o(.bss) for htim14
    stm32f4xx_hal_msp.o(i.HAL_MspInit) refers to stm32f4xx_hal_cortex.o(i.HAL_NVIC_SetPriority) for HAL_NVIC_SetPriority
    stm32f4xx_hal_timebase_tim.o(i.HAL_InitTick) refers to stm32f4xx_hal_cortex.o(i.HAL_NVIC_SetPriority) for HAL_NVIC_SetPriority
    stm32f4xx_hal_timebase_tim.o(i.HAL_InitTick) refers to stm32f4xx_hal_cortex.o(i.HAL_NVIC_EnableIRQ) for HAL_NVIC_EnableIRQ
    stm32f4xx_hal_timebase_tim.o(i.HAL_InitTick) refers to stm32f4xx_hal_rcc.o(i.HAL_RCC_GetClockConfig) for HAL_RCC_GetClockConfig
    stm32f4xx_hal_timebase_tim.o(i.HAL_InitTick) refers to stm32f4xx_hal_rcc.o(i.HAL_RCC_GetPCLK1Freq) for HAL_RCC_GetPCLK1Freq
[...]
    tcp_output                               0x0800e6dd   Thumb Code   552  tcp_out.o(i.tcp_output)
    tcp_pcb_purge                            0x0800f221   Thumb Code    88  tcp.o(i.tcp_pcb_purge)
    tcp_pcb_remove                           0x0800f2ed   Thumb Code   174  tcp.o(i.tcp_pcb_remove)
    tcp_poll                                 0x0800f47d   Thumb Code    58  tcp.o(i.tcp_poll)
    tcp_process_refused_data                 0x0800fa0d   Thumb Code   132  tcp.o(i.tcp_process_refused_data)
    tcp_recv                                 0x08010415   Thumb Code    34  tcp.o(i.tcp_recv)
    tcp_recv_null                            0x080104b9   Thumb Code    60  tcp.o(i.tcp_recv_null)
    tcp_recved                               0x08010569   Thumb Code   104  tcp.o(i.tcp_recved)
    tcp_rexmit                               0x080106c1   Thumb Code   118  tcp_out.o(i.tcp_rexmit)
    tcp_rexmit_fast                          0x080107ad   Thumb Code   108  tcp_out.o(i.tcp_rexmit_fast)
    tcp_rexmit_rto                           0x08010895   Thumb Code    42  tcp_out.o(i.tcp_rexmit_rto)
    tcp_rexmit_rto_commit                    0x08010939   Thumb Code    44  tcp_out.o(i.tcp_rexmit_rto_commit)
    tcp_rexmit_rto_prepare                   0x080109e5   Thumb Code   118  tcp_out.o(i.tcp_rexmit_rto_prepare)
    tcp_rst                                  0x08010aed   Thumb Code   128  tcp_out.o(i.tcp_rst)
    tcp_seg_copy                             0x08010c01   Thumb Code    56  tcp.o(i.tcp_seg_copy)
    tcp_seg_free                             0x08010cad   Thumb Code    28  tcp.o(i.tcp_seg_free)
    tcp_segs_free                            0x08010cc9   Thumb Code    18  tcp.o(i.tcp_segs_free)
    tcp_send_empty_ack                       0x08010cdd   Thumb Code   110  tcp_out.o(i.tcp_send_empty_ack)
    tcp_send_fin                             0x08010dc9   Thumb Code    84  tcp_out.o(i.tcp_send_fin)
    tcp_sent                                 0x08010e95   Thumb Code    34  tcp.o(i.tcp_sent)
    tcp_shutdown                             0x08010f39   Thumb Code   104  tcp.o(i.tcp_shutdown)
    tcp_slowtmr                              0x080117d5   Thumb Code  1360  tcp.o(i.tcp_slowtmr)
    tcp_split_unsent_seg                     0x08011da5   Thumb Code   360  tcp_out.o(i.tcp_split_unsent_seg)
    tcp_timer_needed                         0x08011fd1   Thumb Code    36  timeouts.o(i.tcp_timer_needed)
    tcp_tmr                                  0x08012105   Thumb Code    28  tcp.o(i.tcp_tmr)
    tcp_trigger_input_pcb_close              0x08012125   Thumb Code    12  tcp_in.o(i.tcp_trigger_input_pcb_close)
    tcp_update_rcv_ann_wnd                   0x08012135   Thumb Code    92  tcp.o(i.tcp_update_rcv_ann_wnd)
    tcp_write                                0x08012229   Thumb Code  1688  tcp_out.o(i.tcp_write)
    tcp_zero_window_probe                    0x08012a55   Thumb Code   190  tcp_out.o(i.tcp_zero_window_probe)
    tcpip_init                               0x08012b95   Thumb Code    88  tcpip.o(i.tcpip_init)
    tcpip_inpkt                              0x08012ca5   Thumb Code    82  tcpip.o(i.tcpip_inpkt)
    tcpip_input                              0x08012d65   Thumb Code    20  tcpip.o(i.tcpip_input)
    tcpip_send_msg_wait_sem                  0x08012d81   Thumb Code    26  tcpip.o(i.tcpip_send_msg_wait_sem)
    tcpip_try_callback                       0x08012f9d   Thumb Code    78  tcpip.o(i.tcpip_try_callback)
    udp_bind                                 0x08013081   Thumb Code   186  udp.o(i.udp_bind)
    udp_connect                              0x080131b5   Thumb Code   108  udp.o(i.udp_connect)
    udp_init                                 0x080132b5   Thumb Code    20  udp.o(i.udp_init)
    udp_input                                0x080132cd   Thumb Code   310  udp.o(i.udp_input)
    udp_netif_ip_addr_changed                0x080135c1   Thumb Code    48  udp.o(i.udp_netif_ip_addr_changed)
    udp_new                                  0x080135f5   Thumb Code    26  udp.o(i.udp_new)
    udp_new_ip_type                          0x0801360f   Thumb Code     4  udp.o(i.udp_new_ip_type)
    udp_recv                                 0x08013615   Thumb Code    22  udp.o(i.udp_recv)
    udp_remove                               0x0801369d   Thumb Code    58  udp.o(i.udp_remove)
    udp_send                                 0x0801374d   Thumb Code    50  udp.o(i.udp_send)
    udp_sendto                               0x08013809   Thumb Code   106  udp.o(i.udp_sendto)
    udp_sendto_if                            0x0801391d   Thumb Code   110  udp.o(i.udp_sendto_if)
    udp_sendto_if_src                        0x08013a5d   Thumb Code   274  udp.o(i.udp_sendto_if_src)
    uxListRemove                             0x08013ca5   Thumb Code    38  list.o(i.uxListRemove)
    uxQueueMessagesWaiting                   0x08013ccb   Thumb Code    36  queue.o(i.uxQueueMessagesWaiting)
    uxQueueMessagesWaitingFromISR            0x08013cef   Thumb Code    22  queue.o(i.uxQueueMessagesWaitingFromISR)
    vApplicationGetIdleTaskMemory            0x08013d05   Thumb Code    18  cmsis_os2.o(i.vApplicationGetIdleTaskMemory)
    vApplicationGetTimerTaskMemory           0x08013d1d   Thumb Code    18  cmsis_os2.o(i.vApplicationGetTimerTaskMemory)
    vListInitialise                          0x08013d35   Thumb Code    22  list.o(i.vListInitialise)
    vListInitialiseItem                      0x08013d4b   Thumb Code     6  list.o(i.vListInitialiseItem)
    vListInsert                              0x08013d51   Thumb Code    48  list.o(i.vListInsert)
    vListInsertEnd                           0x08013d81   Thumb Code    24  list.o(i.vListInsertEnd)
    vPortEnterCritical                       0x08013d99   Thumb Code    54  port.o(i.vPortEnterCritical)
    vPortExitCritical                        0x08013dd9   Thumb Code    34  port.o(i.vPortExitCritical)
    vPortFree                                0x08013e01   Thumb Code    94  heap_4.o(i.vPortFree)
    vPortSetupTimerInterrupt                 0x08013e65   Thumb Code    32  port.o(i.vPortSetupTimerInterrupt)
    vPortValidateInterruptPriority           0x08013e89   Thumb Code    74  port.o(i.vPortValidateInterruptPriority)
    vQueueAddToRegistry                      0x08013edd   Thumb Code    34  queue.o(i.vQueueAddToRegistry)
    vQueueDelete                             0x08013f05   Thumb Code    46  queue.o(i.vQueueDelete)
    vQueueUnregisterQueue                    0x08013f35   Thumb Code    36  queue.o(i.vQueueUnregisterQueue)
    vQueueWaitForMessageRestricted           0x08013f5d   Thumb Code    68  queue.o(i.vQueueWaitForMessageRestricted)
    vTaskDelay                               0x08013fa1   Thumb Code    66  tasks.o(i.vTaskDelay)
    vTaskDelete                              0x08013fed   Thumb Code   130  tasks.o(i.vTaskDelete)
    vTaskInternalSetTimeOutState             0x0801407d   Thumb Code    12  tasks.o(i.vTaskInternalSetTimeOutState)
    vTaskMissedYield                         0x0801408d   Thumb Code     8  tasks.o(i.vTaskMissedYield)
    vTaskPlaceOnEventList                    0x08014099   Thumb Code    44  tasks.o(i.vTaskPlaceOnEventList)
    vTaskPlaceOnEventListRestricted          0x080140c9   Thumb Code    52  tasks.o(i.vTaskPlaceOnEventListRestricted)
    vTaskPriorityDisinheritAfterTimeout      0x08014101   Thumb Code   134  tasks.o(i.vTaskPriorityDisinheritAfterTimeout)
    vTaskStartScheduler                      0x08014191   Thumb Code   118  tasks.o(i.vTaskStartScheduler)
    vTaskSuspendAll                          0x08014219   Thumb Code    10  tasks.o(i.vTaskSuspendAll)
    vTaskSwitchContext                       0x08014229   Thumb Code    90  tasks.o(i.vTaskSwitchContext)
    vThreadServerTask                        0x0801428d   Thumb Code   126  lwip.o(i.vThreadServerTask)
    xPortStartScheduler                      0x0801431d   Thumb Code   222  port.o(i.xPortStartScheduler)
    xPortSysTickHandler                      0x08014411   Thumb Code    38  port.o(i.xPortSysTickHandler)
    xQueueCreateCountingSemaphore            0x0801443d   Thumb Code    58  queue.o(i.xQueueCreateCountingSemaphore)
    xQueueCreateCountingSemaphoreStatic      0x08014477   Thumb Code    64  queue.o(i.xQueueCreateCountingSemaphoreStatic)
    xQueueCreateMutex                        0x080144b7   Thumb Code    22  queue.o(i.xQueueCreateMutex)
    xQueueCreateMutexStatic                  0x080144cd   Thumb Code    26  queue.o(i.xQueueCreateMutexStatic)
    xQueueGenericCreate                      0x080144e7   Thumb Code    66  queue.o(i.xQueueGenericCreate)
    xQueueGenericCreateStatic                0x08014529   Thumb Code   102  queue.o(i.xQueueGenericCreateStatic)
    xQueueGenericReset                       0x08014591   Thumb Code   132  queue.o(i.xQueueGenericReset)
    xQueueGenericSend                        0x08014619   Thumb Code   346  queue.o(i.xQueueGenericSend)
    xQueueGenericSendFromISR                 0x08014779   Thumb Code   190  queue.o(i.xQueueGenericSendFromISR)
    xQueueGiveFromISR                        0x08014837   Thumb Code   156  queue.o(i.xQueueGiveFromISR)
    xQueueGiveMutexRecursive                 0x080148d3   Thumb Code    62  queue.o(i.xQueueGiveMutexRecursive)
    xQueueReceive                            0x08014911   Thumb Code   308  queue.o(i.xQueueReceive)
    xQueueReceiveFromISR                     0x08014a49   Thumb Code   154  queue.o(i.xQueueReceiveFromISR)
    xQueueSemaphoreTake                      0x08014ae5   Thumb Code   372  queue.o(i.xQueueSemaphoreTake)
    xQueueTakeMutexRecursive                 0x08014c5d   Thumb Code    64  queue.o(i.xQueueTakeMutexRecursive)
    xTaskCheckForTimeOut                     0x08014c9d   Thumb Code   112  tasks.o(i.xTaskCheckForTimeOut)
    xTaskCreate                              0x08014d11   Thumb Code    90  tasks.o(i.xTaskCreate)
    xTaskCreateStatic                        0x08014d6b   Thumb Code    86  tasks.o(i.xTaskCreateStatic)
    xTaskGetCurrentTaskHandle                0x08014dc1   Thumb Code     6  tasks.o(i.xTaskGetCurrentTaskHandle)
    xTaskGetSchedulerState                   0x08014dcd   Thumb Code    22  tasks.o(i.xTaskGetSchedulerState)
    xTaskGetTickCount                        0x08014de9   Thumb Code     6  tasks.o(i.xTaskGetTickCount)
    xTaskGetTickCountFromISR                 0x08014df5   Thumb Code    12  tasks.o(i.xTaskGetTickCountFromISR)
    xTaskIncrementTick                       0x08014e05   Thumb Code   192  tasks.o(i.xTaskIncrementTick)
    xTaskPriorityDisinherit                  0x08014ecd   Thumb Code   118  tasks.o(i.xTaskPriorityDisinherit)
    xTaskPriorityInherit                     0x08014f4d   Thumb Code   112  tasks.o(i.xTaskPriorityInherit)
    xTaskRemoveFromEventList                 0x08014fc5   Thumb Code    98  tasks.o(i.xTaskRemoveFromEventList)
    xTaskResumeAll                           0x08015035   Thumb Code   182  tasks.o(i.xTaskResumeAll)
    xTimerCreateTimerTask                    0x080150f9   Thumb Code    78  timers.o(i.xTimerCreateTimerTask)
    xTimerGenericCommand                     0x08015159   Thumb Code    98  timers.o(i.xTimerGenericCommand)
    Task01_attributes                        0x080151c0   Data          36  freertos.o(.constdata)
    Task02_attributes                        0x080151e4   Data          36  freertos.o(.constdata)
    sockets_semaphore_attributes             0x08015208   Data          16  freertos.o(.constdata)
    AHBPrescTable                            0x08015218   Data          16  system_stm32f4xx.o(.constdata)
    APBPrescTable                            0x08015228   Data           8  system_stm32f4xx.o(.constdata)
    ethbroadcast                             0x08015230   Data           6  ethernet.o(.constdata)
    ethzero                                  0x08015236   Data           6  ethernet.o(.constdata)
    netconn_aborted                          0x0801523c   Data           1  api_msg.o(.constdata)
    netconn_reset                            0x0801523d   Data           1  api_msg.o(.constdata)
    netconn_closed                           0x0801523e   Data           1  api_msg.o(.constdata)
    memp_UDP_PCB                             0x08015284   Data          12  memp.o(.constdata)
    memp_TCP_PCB                             0x08015290   Data          12  memp.o(.constdata)
    memp_TCP_PCB_LISTEN                      0x0801529c   Data          12  memp.o(.constdata)
    memp_TCP_SEG                             0x080152a8   Data          12  memp.o(.constdata)
    memp_REASSDATA                           0x080152b4   Data          12  memp.o(.constdata)
    memp_FRAG_PBUF                           0x080152c0   Data          12  memp.o(.constdata)
    memp_NETBUF                              0x080152cc   Data          12  memp.o(.constdata)
    memp_NETCONN                             0x080152d8   Data          12  memp.o(.constdata)
    memp_TCPIP_MSG_API                       0x080152e4   Data          12  memp.o(.constdata)
    memp_TCPIP_MSG_INPKT                     0x080152f0   Data          12  memp.o(.constdata)
    memp_SYS_TIMEOUT                         0x080152fc   Data          12  memp.o(.constdata)
    memp_PBUF                                0x08015308   Data          12  memp.o(.constdata)
    memp_PBUF_POOL                           0x08015314   Data          12  memp.o(.constdata)
    memp_pools                               0x08015320   Data          52  memp.o(.constdata)
    tcp_pcb_lists                            0x08015398   Data          16  tcp.o(.constdata)
    lwip_cyclic_timers                       0x080153a8   Data          40  timeouts.o(.constdata)
    ip_addr_any                              0x080153d0   Data           4  ip4_addr.o(.constdata)
    ip_addr_broadcast                        0x080153d4   Data           4  ip4_addr.o(.constdata)
    Region$$Table$$Base                      0x08015554   Number         0  anon$$obj.o(Region$$Table)
    Region$$Table$$Limit                     0x08015574   Number         0  anon$$obj.o(Region$$Table)
    semi_cnt                                 0x20000000   Data           4  freertos.o(.data)
    Task01Handle                             0x20000004   Data           4  freertos.o(.data)
    Task02Handle                             0x20000008   Data           4  freertos.o(.data)
    sockets_semaphoreHandle                  0x2000000c   Data           4  freertos.o(.data)
    uwTickFreq                               0x20000010   Data           1  stm32f4xx_hal.o(.data)
    uwTickPrio                               0x20000014   Data           4  stm32f4xx_hal.o(.data)
    uwTick                                   0x20000018   Data           4  stm32f4xx_hal.o(.data)
    SystemCoreClock                          0x2000001c   Data           4  system_stm32f4xx.o(.data)
    pxCurrentTCB                             0x20000020   Data           4  tasks.o(.data)
    s_xSemaphore                             0x200000a0   Data           4  ethernetif.o(.data)
    cfd_cnt                                  0x200000a4   Data           2  lwip.o(.data)
    Netif_LinkSemaphore                      0x200000a8   Data           4  lwip.o(.data)
    ipaddr                                   0x200000ac   Data           4  lwip.o(.data)
    netmask                                  0x200000b0   Data           4  lwip.o(.data)
    gw                                       0x200000b4   Data           4  lwip.o(.data)
    link_arg                                 0x200000b8   Data           8  lwip.o(.data)
    lock_tcpip_core                          0x200000d0   Data           4  tcpip.o(.data)
    netif_list                               0x2000011c   Data           4  netif.o(.data)
    netif_default                            0x20000120   Data           4  netif.o(.data)
    pbuf_free_ooseq_pending                  0x20000124   Data           1  pbuf.o(.data)
    tcp_active_pcbs_changed                  0x20000128   Data           1  tcp.o(.data)
    tcp_ticks                                0x20000134   Data           4  tcp.o(.data)
    tcp_bound_pcbs                           0x20000138   Data           4  tcp.o(.data)
    tcp_listen_pcbs                          0x2000013c   Data           4  tcp.o(.data)
    tcp_active_pcbs                          0x20000140   Data           4  tcp.o(.data)
    tcp_tw_pcbs                              0x20000144   Data           4  tcp.o(.data)
    tcp_input_pcb                            0x20000168   Data           4  tcp_in.o(.data)
    udp_pcbs                                 0x2000017c   Data           4  udp.o(.data)
    dhcp_rx_options_given                    0x2000018c   Data           8  dhcp.o(.data)
    errno                                    0x200001a0   Data           4  sys_arch.o(.data)
    lwip_sys_mutex                           0x200001a4   Data           4  sys_arch.o(.data)
    __stdout                                 0x200001ac   Data           4  stdout.o(.data)
    htim14                                   0x200001b0   Data          72  stm32f4xx_hal_timebase_tim.o(.bss)
    xQueueRegistry                           0x200001f8   Data          64  queue.o(.bss)
    DMARxDscrTab                             0x200062ec   Data         128  ethernetif.o(.bss)
    DMATxDscrTab                             0x2000636c   Data         128  ethernetif.o(.bss)
    Rx_Buff                                  0x200063ec   Data        6096  ethernetif.o(.bss)
    Tx_Buff                                  0x20007bbc   Data        6096  ethernetif.o(.bss)
    heth                                     0x2000938c   Data          72  ethernetif.o(.bss)
    gnetif                                   0x200093d4   Data          56  lwip.o(.bss)
    attributes                               0x2000940c   Data          36  lwip.o(.bss)
    sys_regs                                 0x20009430   Data        1536  lwip.o(.bss)
    tcp_slave                                0x20009a30   Data        3108  lwip.o(.bss)
    ip_data                                  0x2000a694   Data          24  ip.o(.bss)
    ram_heap                                 0x2000a6ac   Data        1619  mem.o(.bss)
    memp_memory_UDP_PCB_base                 0x2000acff   Data         131  memp.o(.bss)
    memp_memory_TCP_PCB_base                 0x2000ad82   Data         783  memp.o(.bss)
    memp_memory_TCP_PCB_LISTEN_base          0x2000b091   Data         227  memp.o(.bss)
    memp_memory_TCP_SEG_base                 0x2000b174   Data         259  memp.o(.bss)
    memp_memory_REASSDATA_base               0x2000b277   Data         163  memp.o(.bss)
    memp_memory_FRAG_PBUF_base               0x2000b31a   Data         363  memp.o(.bss)
    memp_memory_NETBUF_base                  0x2000b485   Data          35  memp.o(.bss)
    memp_memory_NETCONN_base                 0x2000b4a8   Data         163  memp.o(.bss)
    memp_memory_TCPIP_MSG_API_base           0x2000b54b   Data         131  memp.o(.bss)
    memp_memory_TCPIP_MSG_INPKT_base         0x2000b5ce   Data         131  memp.o(.bss)
    memp_memory_SYS_TIMEOUT_base             0x2000b651   Data          83  memp.o(.bss)
    memp_memory_PBUF_base                    0x2000b6a4   Data         259  memp.o(.bss)
    memp_memory_PBUF_POOL_base               0x2000b7a7   Data        9731  memp.o(.bss)
    dhcp_rx_options_val                      0x2000ddbc   Data          32  dhcp.o(.bss)
    __initial_sp                             0x2000e6d0   Data           0  startup_stm32f407xx.o(STACK)



==============================================================================

Memory Map of the image

  Image Entry point : 0x08000189

  Load Region LR_IROM1 (Base: 0x08000000, Size: 0x00015724, Max: 0x00080000, ABSOLUTE, COMPRESSED[0x00015590])

    Execution Region ER_IROM1 (Exec base: 0x08000000, Load base: 0x08000000, Size: 0x00015574, Max: 0x00080000, ABSOLUTE)

    Exec Addr    Load Addr    Size         Type   Attr      Idx    E Section Name        Object

    0x08000000   0x08000000   0x00000188   Data   RO            3    RESET               startup_stm32f407xx.o
    0x08000188   0x08000188   0x00000000   Code   RO         9579  * .ARM.Collect$$$$00000000  mc_w.l(entry.o)
    0x08000188   0x08000188   0x00000004   Code   RO         9896    .ARM.Collect$$$$00000001  mc_w.l(entry2.o)
    0x0800018c   0x0800018c   0x00000004   Code   RO         9899    .ARM.Collect$$$$00000004  mc_w.l(entry5.o)
    0x08000190   0x08000190   0x00000000   Code   RO         9901    .ARM.Collect$$$$00000008  mc_w.l(entry7b.o)
    0x08000190   0x08000190   0x00000000   Code   RO         9903    .ARM.Collect$$$$0000000A  mc_w.l(entry8b.o)
    0x08000190   0x08000190   0x00000008   Code   RO         9904    .ARM.Collect$$$$0000000B  mc_w.l(entry9a.o)
    0x08000198   0x08000198   0x00000004   Code   RO         9911    .ARM.Collect$$$$0000000E  mc_w.l(entry12b.o)
    0x0800019c   0x0800019c   0x00000000   Code   RO         9906    .ARM.Collect$$$$0000000F  mc_w.l(entry10a.o)
    0x0800019c   0x0800019c   0x00000000   Code   RO         9908    .ARM.Collect$$$$00000011  mc_w.l(entry11a.o)
    0x0800019c   0x0800019c   0x00000004   Code   RO         9897    .ARM.Collect$$$$00002712  mc_w.l(entry2.o)
    0x080001a0   0x080001a0   0x000000be   Code   RO         4510    .emb_text           port.o
    0x0800025e   0x0800025e   0x00000002   PAD
    0x08000260   0x08000260   0x00000024   Code   RO            4    .text               startup_stm32f407xx.o
    0x08000284   0x08000284   0x00000062   Code   RO         9582    .text               mc_w.l(uldiv.o)
    0x080002e6   0x080002e6   0x00000002   PAD
    0x080002e8   0x080002e8   0x00000024   Code   RO         9612    .text               mc_w.l(rand.o)
    0x0800030c   0x0800030c   0x00000040   Code   RO         9617    .text               mc_w.l(memmovea.o)
    0x0800034c   0x0800034c   0x00000024   Code   RO         9621    .text               mc_w.l(memseta.o)
    0x08000370   0x08000370   0x0000001a   Code   RO         9625    .text               mc_w.l(memcmp.o)
    0x0800038a   0x0800038a   0x0000002c   Code   RO         9915    .text               mc_w.l(uidiv.o)
    0x080003b6   0x080003b6   0x0000001e   Code   RO         9917    .text               mc_w.l(llshl.o)
    0x080003d4   0x080003d4   0x00000020   Code   RO         9919    .text               mc_w.l(llushr.o)
    0x080003f4   0x080003f4   0x00000024   Code   RO         9941    .text               mc_w.l(init.o)
    0x08000418   0x08000418   0x00000000   Code   RO         9943    .text               mc_w.l(semi.o)
    0x08000418   0x08000418   0x00000000   Code   RO         9948    .text               mc_w.l(iusesemip.o)
    0x08000418   0x08000418   0x00000056   Code   RO         9961    .text               mc_w.l(__dczerorl2.o)
    0x0800046e   0x0800046e   0x00000002   Code   RO          403    i.BusFault_Handler  stm32f4xx_it.o
    0x08000470   0x08000470   0x0000007c   Code   RO         4722    i.ClientTask        lwip.o
    0x080004ec   0x080004ec   0x00000002   Code   RO          404    i.DebugMon_Handler  stm32f4xx_it.o
    0x080004ee   0x080004ee   0x00000002   PAD
    0x080004f0   0x080004f0   0x00000020   Code   RO          536    i.ETH_Delay         stm32f4xx_hal_eth.o
    0x08000510   0x08000510   0x0000002e   Code   RO          537    i.ETH_FlushTransmitFIFO  stm32f4xx_hal_eth.o
    0x0800053e   0x0800053e   0x00000002   PAD
    0x08000540   0x08000540   0x0000000c   Code   RO          405    i.ETH_IRQHandler    stm32f4xx_it.o
    0x0800054c   0x0800054c   0x0000012c   Code   RO          538    i.ETH_MACDMAConfig  stm32f4xx_hal_eth.o
    0x08000678   0x08000678   0x00000024   Code   RO         1570    i.HAL_Delay         stm32f4xx_hal.o
    0x0800069c   0x0800069c   0x00000130   Code   RO          540    i.HAL_ETH_ConfigMAC  stm32f4xx_hal_eth.o
    0x080007cc   0x080007cc   0x00000074   Code   RO          541    i.HAL_ETH_DMARxDescListInit  stm32f4xx_hal_eth.o
    0x08000840   0x08000840   0x00000078   Code   RO          542    i.HAL_ETH_DMATxDescListInit  stm32f4xx_hal_eth.o
    0x080008b8   0x080008b8   0x00000002   Code   RO          544    i.HAL_ETH_ErrorCallback  stm32f4xx_hal_eth.o
    0x080008ba   0x080008ba   0x00000088   Code   RO          546    i.HAL_ETH_GetReceivedFrame_IT  stm32f4xx_hal_eth.o
    0x08000942   0x08000942   0x0000007a   Code   RO          548    i.HAL_ETH_IRQHandler  stm32f4xx_hal_eth.o
    0x080009bc   0x080009bc   0x000001ec   Code   RO          549    i.HAL_ETH_Init      stm32f4xx_hal_eth.o
    0x08000ba8   0x08000ba8   0x000000e8   Code   RO         4591    i.HAL_ETH_MspInit   ethernetif.o
    0x08000c90   0x08000c90   0x00000084   Code   RO          552    i.HAL_ETH_ReadPHYRegister  stm32f4xx_hal_eth.o
    0x08000d14   0x08000d14   0x0000000c   Code   RO         4592    i.HAL_ETH_RxCpltCallback  ethernetif.o
    0x08000d20   0x08000d20   0x00000084   Code   RO          554    i.HAL_ETH_Start     stm32f4xx_hal_eth.o
    0x08000da4   0x08000da4   0x00000084   Code   RO          555    i.HAL_ETH_Stop      stm32f4xx_hal_eth.o
    0x08000e28   0x08000e28   0x00000108   Code   RO          556    i.HAL_ETH_TransmitFrame  stm32f4xx_hal_eth.o
    0x08000f30   0x08000f30   0x00000002   Code   RO          557    i.HAL_ETH_TxCpltCallback  stm32f4xx_hal_eth.o
    0x08000f32   0x08000f32   0x00000002   PAD
    0x08000f34   0x08000f34   0x00000078   Code   RO          558    i.HAL_ETH_WritePHYRegister  stm32f4xx_hal_eth.o
    0x08000fac   0x08000fac   0x000001f0   Code   RO         1044    i.HAL_GPIO_Init     stm32f4xx_hal_gpio.o
    0x0800119c   0x0800119c   0x00000010   Code   RO         1047    i.HAL_GPIO_TogglePin  stm32f4xx_hal_gpio.o
    0x080011ac   0x080011ac   0x0000000a   Code   RO         1048    i.HAL_GPIO_WritePin  stm32f4xx_hal_gpio.o
    0x080011b6   0x080011b6   0x00000002   PAD
    0x080011b8   0x080011b8   0x0000000c   Code   RO         1576    i.HAL_GetTick       stm32f4xx_hal.o
    0x080011c4   0x080011c4   0x00000010   Code   RO         1582    i.HAL_IncTick       stm32f4xx_hal.o
    0x080011d4   0x080011d4   0x00000034   Code   RO         1583    i.HAL_Init          stm32f4xx_hal.o
    0x08001208   0x08001208   0x00000074   Code   RO          497    i.HAL_InitTick      stm32f4xx_hal_timebase_tim.o
    0x0800127c   0x0800127c   0x00000038   Code   RO          473    i.HAL_MspInit       stm32f4xx_hal_msp.o
    0x080012b4   0x080012b4   0x0000001a   Code   RO         1433    i.HAL_NVIC_EnableIRQ  stm32f4xx_hal_cortex.o
    0x080012ce   0x080012ce   0x00000002   PAD
    0x080012d0   0x080012d0   0x00000040   Code   RO         1439    i.HAL_NVIC_SetPriority  stm32f4xx_hal_cortex.o
    0x08001310   0x08001310   0x00000024   Code   RO         1440    i.HAL_NVIC_SetPriorityGrouping  stm32f4xx_hal_cortex.o
    0x08001334   0x08001334   0x00000134   Code   RO          690    i.HAL_RCC_ClockConfig  stm32f4xx_hal_rcc.o
    0x08001468   0x08001468   0x00000040   Code   RO          694    i.HAL_RCC_GetClockConfig  stm32f4xx_hal_rcc.o
    0x080014a8   0x080014a8   0x0000000c   Code   RO          695    i.HAL_RCC_GetHCLKFreq  stm32f4xx_hal_rcc.o
    0x080014b4   0x080014b4   0x00000020   Code   RO          697    i.HAL_RCC_GetPCLK1Freq  stm32f4xx_hal_rcc.o
    0x080014d4   0x080014d4   0x00000064   Code   RO          699    i.HAL_RCC_GetSysClockFreq  stm32f4xx_hal_rcc.o
    0x08001538   0x08001538   0x0000036c   Code   RO          702    i.HAL_RCC_OscConfig  stm32f4xx_hal_rcc.o
    0x080018a4   0x080018a4   0x00000002   Code   RO         2527    i.HAL_TIMEx_BreakCallback  stm32f4xx_hal_tim_ex.o
    0x080018a6   0x080018a6   0x00000002   Code   RO         2528    i.HAL_TIMEx_CommutCallback  stm32f4xx_hal_tim_ex.o
    0x080018a8   0x080018a8   0x0000005a   Code   RO         1823    i.HAL_TIM_Base_Init  stm32f4xx_hal_tim.o
    0x08001902   0x08001902   0x00000002   Code   RO         1825    i.HAL_TIM_Base_MspInit  stm32f4xx_hal_tim.o
    0x08001904   0x08001904   0x00000080   Code   RO         1828    i.HAL_TIM_Base_Start_IT  stm32f4xx_hal_tim.o
    0x08001984   0x08001984   0x00000002   Code   RO         1857    i.HAL_TIM_IC_CaptureCallback  stm32f4xx_hal_tim.o
    0x08001986   0x08001986   0x00000166   Code   RO         1871    i.HAL_TIM_IRQHandler  stm32f4xx_hal_tim.o
    0x08001aec   0x08001aec   0x00000002   Code   RO         1874    i.HAL_TIM_OC_DelayElapsedCallback  stm32f4xx_hal_tim.o
    0x08001aee   0x08001aee   0x00000002   Code   RO         1901    i.HAL_TIM_PWM_PulseFinishedCallback  stm32f4xx_hal_tim.o
    0x08001af0   0x08001af0   0x00000014   Code   RO           14    i.HAL_TIM_PeriodElapsedCallback  main.o
    0x08001b04   0x08001b04   0x00000002   Code   RO         1914    i.HAL_TIM_TriggerCallback  stm32f4xx_hal_tim.o
    0x08001b06   0x08001b06   0x00000002   Code   RO          406    i.HardFault_Handler  stm32f4xx_it.o
    0x08001b08   0x08001b08   0x00000040   Code   RO          354    i.MX_FREERTOS_Init  freertos.o
    0x08001b48   0x08001b48   0x00000094   Code   RO          330    i.MX_GPIO_Init      gpio.o
    0x08001bdc   0x08001bdc   0x000000bc   Code   RO         4723    i.MX_LWIP_Init      lwip.o
    0x08001c98   0x08001c98   0x00000002   Code   RO          407    i.MemManage_Handler  stm32f4xx_it.o
    0x08001c9a   0x08001c9a   0x00000002   Code   RO          408    i.NMI_Handler       stm32f4xx_it.o
    0x08001c9c   0x08001c9c   0x00000010   Code   RO          355    i.StartTask01       freertos.o
    0x08001cac   0x08001cac   0x00000028   Code   RO          356    i.StartTask02       freertos.o
    0x08001cd4   0x08001cd4   0x0000001a   Code   RO         3942    i.SysTick_Handler   cmsis_os2.o
    0x08001cee   0x08001cee   0x00000002   PAD
    0x08001cf0   0x08001cf0   0x00000094   Code   RO           15    i.SystemClock_Config  main.o
    0x08001d84   0x08001d84   0x00000010   Code   RO         2795    i.SystemInit        system_stm32f4xx.o
    0x08001d94   0x08001d94   0x0000000c   Code   RO          409    i.TIM8_TRG_COM_TIM14_IRQHandler  stm32f4xx_it.o
    0x08001da0   0x08001da0   0x000000c8   Code   RO         1916    i.TIM_Base_SetConfig  stm32f4xx_hal_tim.o
    0x08001e68   0x08001e68   0x00000002   Code   RO          410    i.UsageFault_Handler  stm32f4xx_it.o
    0x08001e6a   0x08001e6a   0x00000002   PAD
    0x08001e6c   0x08001e6c   0x00000020   Code   RO         9722    i.__0printf$3       mc_w.l(printf3.o)
    0x08001e8c   0x08001e8c   0x00000020   Code   RO         1446    i.__NVIC_SetPriority  stm32f4xx_hal_cortex.o
    0x08001eac   0x08001eac   0x0000000e   Code   RO         9955    i.__scatterload_copy  mc_w.l(handlers.o)
    0x08001eba   0x08001eba   0x00000002   Code   RO         9956    i.__scatterload_null  mc_w.l(handlers.o)
    0x08001ebc   0x08001ebc   0x0000000e   Code   RO         9957    i.__scatterload_zeroinit  mc_w.l(handlers.o)
    0x08001eca   0x08001eca   0x00000002   PAD
    0x08001ecc   0x08001ecc   0x000001b8   Code   RO         9729    i._printf_core      mc_w.l(printf3.o)
    0x08002084   0x08002084   0x00000178   Code   RO         5765    i.accept_function   api_msg.o
    0x080021fc   0x080021fc   0x000000e8   Code   RO         6173    i.alloc_socket      sockets.o
    0x080022e4   0x080022e4   0x0000009c   Code   RO         8367    i.dhcp_arp_reply    dhcp.o
    0x08002380   0x08002380   0x00000188   Code   RO         8368    i.dhcp_bind         dhcp.o
    0x08002508   0x08002508   0x00000034   Code   RO         8369    i.dhcp_check        dhcp.o
    0x0800253c   0x0800253c   0x000000ac   Code   RO         8371    i.dhcp_coarse_tmr   dhcp.o
    0x080025e8   0x080025e8   0x000001e4   Code   RO         8372    i.dhcp_create_msg   dhcp.o
    0x080027cc   0x080027cc   0x000000b8   Code   RO         8373    i.dhcp_dec_pcb_refcount  dhcp.o
    0x08002884   0x08002884   0x0000009c   Code   RO         8374    i.dhcp_decline      dhcp.o
    0x08002920   0x08002920   0x000000e8   Code   RO         8375    i.dhcp_discover     dhcp.o
    0x08002a08   0x08002a08   0x00000034   Code   RO         8376    i.dhcp_fine_tmr     dhcp.o
    0x08002a3c   0x08002a3c   0x00000064   Code   RO         8377    i.dhcp_handle_ack   dhcp.o
    0x08002aa0   0x08002aa0   0x000000ec   Code   RO         8378    i.dhcp_inc_pcb_refcount  dhcp.o
    0x08002b8c   0x08002b8c   0x000000c8   Code   RO         8380    i.dhcp_network_changed  dhcp.o
    0x08002c54   0x08002c54   0x00000098   Code   RO         8381    i.dhcp_option       dhcp.o
    0x08002cec   0x08002cec   0x000000bc   Code   RO         8382    i.dhcp_option_byte  dhcp.o
    0x08002da8   0x08002da8   0x000000d8   Code   RO         8383    i.dhcp_option_long  dhcp.o
    0x08002e80   0x08002e80   0x000000c8   Code   RO         8384    i.dhcp_option_short  dhcp.o
    0x08002f48   0x08002f48   0x00000020   Code   RO         8385    i.dhcp_option_trailer  dhcp.o
    0x08002f68   0x08002f68   0x00000390   Code   RO         8386    i.dhcp_parse_reply  dhcp.o
    0x080032f8   0x080032f8   0x000000d8   Code   RO         8387    i.dhcp_rebind       dhcp.o
    0x080033d0   0x080033d0   0x00000100   Code   RO         8388    i.dhcp_reboot       dhcp.o
    0x080034d0   0x080034d0   0x00000120   Code   RO         8389    i.dhcp_recv         dhcp.o
    0x080035f0   0x080035f0   0x000000bc   Code   RO         8391    i.dhcp_release_and_stop  dhcp.o
    0x080036ac   0x080036ac   0x000000d8   Code   RO         8392    i.dhcp_renew        dhcp.o
    0x08003784   0x08003784   0x00000200   Code   RO         8393    i.dhcp_select       dhcp.o
    0x08003984   0x08003984   0x00000010   Code   RO         8394    i.dhcp_set_state    dhcp.o
    0x08003994   0x08003994   0x00000128   Code   RO         8396    i.dhcp_start        dhcp.o
    0x08003abc   0x08003abc   0x0000001c   Code   RO         8398    i.dhcp_supplied_address  dhcp.o
    0x08003ad8   0x08003ad8   0x0000006c   Code   RO         8399    i.dhcp_timeout      dhcp.o
    0x08003b44   0x08003b44   0x000000a8   Code   RO         6955    i.do_memp_free_pool  memp.o
    0x08003bec   0x08003bec   0x000000b8   Code   RO         6956    i.do_memp_malloc_pool  memp.o
    0x08003ca4   0x08003ca4   0x000001c8   Code   RO         5766    i.err_tcp           api_msg.o
    0x08003e6c   0x08003e6c   0x0000001c   Code   RO         5977    i.err_to_errno      err.o
    0x08003e88   0x08003e88   0x0000002c   Code   RO         8574    i.etharp_cleanup_netif  etharp.o
    0x08003eb4   0x08003eb4   0x00000260   Code   RO         8576    i.etharp_find_entry  etharp.o
    0x08004114   0x08004114   0x00000024   Code   RO         8577    i.etharp_free_entry  etharp.o
    0x08004138   0x08004138   0x00000118   Code   RO         8579    i.etharp_input      etharp.o
    0x08004250   0x08004250   0x000001b0   Code   RO         8580    i.etharp_output     etharp.o
    0x08004400   0x08004400   0x00000110   Code   RO         8581    i.etharp_output_to_arp_index  etharp.o
    0x08004510   0x08004510   0x000001e8   Code   RO         8582    i.etharp_query      etharp.o
    0x080046f8   0x080046f8   0x00000174   Code   RO         8583    i.etharp_raw        etharp.o
    0x0800486c   0x0800486c   0x0000000c   Code   RO         8584    i.etharp_request    etharp.o
    0x08004878   0x08004878   0x00000020   Code   RO         8585    i.etharp_request_dst  etharp.o
    0x08004898   0x08004898   0x00000060   Code   RO         8586    i.etharp_tmr        etharp.o
    0x080048f8   0x080048f8   0x0000011c   Code   RO         8587    i.etharp_update_arp_entry  etharp.o
    0x08004a14   0x08004a14   0x000000a4   Code   RO         5336    i.ethernet_input    ethernet.o
    0x08004ab8   0x08004ab8   0x000000f8   Code   RO         5337    i.ethernet_output   ethernet.o
    0x08004bb0   0x08004bb0   0x00000090   Code   RO         4593    i.ethernetif_init   ethernetif.o
    0x08004c40   0x08004c40   0x0000004c   Code   RO         4594    i.ethernetif_input  ethernetif.o
    0x08004c8c   0x08004c8c   0x00000002   Code   RO         4595    i.ethernetif_notify_conn_changed  ethernetif.o
    0x08004c8e   0x08004c8e   0x00000002   PAD
    0x08004c90   0x08004c90   0x00000044   Code   RO         4596    i.ethernetif_set_link  ethernetif.o
    0x08004cd4   0x08004cd4   0x000000b0   Code   RO         4597    i.ethernetif_update_config  ethernetif.o
    0x08004d84   0x08004d84   0x00000138   Code   RO         6174    i.event_callback    sockets.o
    0x08004ebc   0x08004ebc   0x00000012   Code   RO         9912    i.fputc             mc_w.l(fputc.o)
    0x08004ece   0x08004ece   0x0000003c   Code   RO         6175    i.free_socket       sockets.o
    0x08004f0a   0x08004f0a   0x00000002   PAD
    0x08004f0c   0x08004f0c   0x00000018   Code   RO         6176    i.get_socket        sockets.o
    0x08004f24   0x08004f24   0x00000008   Code   RO         8674    i.icmp_dest_unreach  icmp.o
    0x08004f2c   0x08004f2c   0x000001e8   Code   RO         8675    i.icmp_input        icmp.o
    0x08005114   0x08005114   0x00000110   Code   RO         8676    i.icmp_send_response  icmp.o
    0x08005224   0x08005224   0x00000008   Code   RO         8677    i.icmp_time_exceeded  icmp.o
    0x0800522c   0x0800522c   0x0000002e   Code   RO         8791    i.ip4_addr_isbroadcast_u32  ip4_addr.o
    0x0800525a   0x0800525a   0x00000002   PAD
    0x0800525c   0x0800525c   0x00000260   Code   RO         8860    i.ip4_frag          ip4_frag.o
    0x080054bc   0x080054bc   0x00000194   Code   RO         8736    i.ip4_input         ip4.o
    0x08005650   0x08005650   0x0000002c   Code   RO         8737    i.ip4_input_accept  ip4.o
    0x0800567c   0x0800567c   0x0000001e   Code   RO         8739    i.ip4_output_if     ip4.o
    0x0800569a   0x0800569a   0x00000002   PAD
    0x0800569c   0x0800569c   0x00000178   Code   RO         8740    i.ip4_output_if_src  ip4.o
    0x08005814   0x08005814   0x00000288   Code   RO         8861    i.ip4_reass         ip4_frag.o
    0x08005a9c   0x08005a9c   0x00000060   Code   RO         8741    i.ip4_route         ip4.o
    0x08005afc   0x08005afc   0x00000090   Code   RO         8862    i.ip_frag_free_pbuf_custom_ref  ip4_frag.o
    0x08005b8c   0x08005b8c   0x00000248   Code   RO         8863    i.ip_reass_chain_frag_into_datagram_and_validate  ip4_frag.o
    0x08005dd4   0x08005dd4   0x000000bc   Code   RO         8864    i.ip_reass_dequeue_datagram  ip4_frag.o
    0x08005e90   0x08005e90   0x00000198   Code   RO         8865    i.ip_reass_free_complete_datagram  ip4_frag.o
    0x08006028   0x08006028   0x00000080   Code   RO         8866    i.ip_reass_remove_oldest_datagram  ip4_frag.o
    0x080060a8   0x080060a8   0x0000002c   Code   RO         8867    i.ip_reass_tmr      ip4_frag.o
    0x080060d4   0x080060d4   0x00000098   Code   RO         8868    i.ipfrag_free_pbuf_custom  ip4_frag.o
    0x0800616c   0x0800616c   0x00000140   Code   RO         4598    i.low_level_init    ethernetif.o
    0x080062ac   0x080062ac   0x000000c0   Code   RO         4599    i.low_level_input   ethernetif.o
    0x0800636c   0x0800636c   0x000000a8   Code   RO         4600    i.low_level_output  ethernetif.o
    0x08006414   0x08006414   0x000001c4   Code   RO         6177    i.lwip_accept       sockets.o
    0x080065d8   0x080065d8   0x000000dc   Code   RO         6178    i.lwip_bind         sockets.o
    0x080066b4   0x080066b4   0x000000d4   Code   RO         6179    i.lwip_close        sockets.o
    0x08006788   0x08006788   0x0000003c   Code   RO         8135    i.lwip_cyclic_timer  timeouts.o
    0x080067c4   0x080067c4   0x00000004   Code   RO         6663    i.lwip_htonl        def.o
    0x080067c8   0x080067c8   0x00000004   Code   RO         6664    i.lwip_htons        def.o
    0x080067cc   0x080067cc   0x00000022   Code   RO         6808    i.lwip_init         init.o
    0x080067ee   0x080067ee   0x00000002   PAD
    0x080067f0   0x080067f0   0x0000004c   Code   RO         6191    i.lwip_listen       sockets.o
    0x0800683c   0x0800683c   0x00000036   Code   RO         5767    i.lwip_netconn_do_bind  api_msg.o
    0x08006872   0x08006872   0x00000002   PAD
    0x08006874   0x08006874   0x00000138   Code   RO         5769    i.lwip_netconn_do_close  api_msg.o
    0x080069ac   0x080069ac   0x000002c0   Code   RO         5770    i.lwip_netconn_do_close_internal  api_msg.o
    0x08006c6c   0x08006c6c   0x00000198   Code   RO         5773    i.lwip_netconn_do_delconn  api_msg.o
    0x08006e04   0x08006e04   0x000000e4   Code   RO         5775    i.lwip_netconn_do_getaddr  api_msg.o
    0x08006ee8   0x08006ee8   0x000000bc   Code   RO         5776    i.lwip_netconn_do_listen  api_msg.o
    0x08006fa4   0x08006fa4   0x00000012   Code   RO         5777    i.lwip_netconn_do_newconn  api_msg.o
    0x08006fb6   0x08006fb6   0x00000042   Code   RO         5778    i.lwip_netconn_do_recv  api_msg.o
    0x08006ff8   0x08006ff8   0x00000042   Code   RO         5779    i.lwip_netconn_do_send  api_msg.o
    0x0800703a   0x0800703a   0x00000002   PAD
    0x0800703c   0x0800703c   0x0000014c   Code   RO         5780    i.lwip_netconn_do_write  api_msg.o
    0x08007188   0x08007188   0x00000384   Code   RO         5781    i.lwip_netconn_do_writemore  api_msg.o
    0x0800750c   0x0800750c   0x000000a8   Code   RO         5782    i.lwip_netconn_err_to_msg  api_msg.o
    0x080075b4   0x080075b4   0x000000ac   Code   RO         5783    i.lwip_netconn_is_err_msg  api_msg.o
    0x08007660   0x08007660   0x0000000e   Code   RO         6194    i.lwip_read         sockets.o
    0x0800766e   0x0800766e   0x00000002   PAD
    0x08007670   0x08007670   0x00000208   Code   RO         6197    i.lwip_recv_tcp     sockets.o
    0x08007878   0x08007878   0x000000d0   Code   RO         6198    i.lwip_recvfrom     sockets.o
    0x08007948   0x08007948   0x00000180   Code   RO         6199    i.lwip_recvfrom_udp_raw  sockets.o
    0x08007ac8   0x08007ac8   0x00000074   Code   RO         6203    i.lwip_send         sockets.o
    0x08007b3c   0x08007b3c   0x0000014c   Code   RO         6205    i.lwip_sendto       sockets.o
    0x08007c88   0x08007c88   0x00000118   Code   RO         6209    i.lwip_sock_make_addr  sockets.o
    0x08007da0   0x08007da0   0x00000068   Code   RO         6210    i.lwip_socket       sockets.o
    0x08007e08   0x08007e08   0x00000006   Code   RO         6216    i.lwip_write        sockets.o
    0x08007e0e   0x08007e0e   0x0000001a   Code   RO           16    i.main              main.o
    0x08007e28   0x08007e28   0x000000aa   Code   RO         9518    i.mb_tcp_slave_response  mb_tcp_slave.o
    0x08007ed2   0x08007ed2   0x00000002   PAD
    0x08007ed4   0x08007ed4   0x000001c8   Code   RO         6879    i.mem_free          mem.o
    0x0800809c   0x0800809c   0x000000c8   Code   RO         6880    i.mem_init          mem.o
    0x08008164   0x08008164   0x0000024c   Code   RO         6881    i.mem_malloc        mem.o
    0x080083b0   0x080083b0   0x00000010   Code   RO         6882    i.mem_to_ptr        mem.o
    0x080083c0   0x080083c0   0x000001e4   Code   RO         6883    i.mem_trim          mem.o
    0x080085a4   0x080085a4   0x0000009c   Code   RO         6957    i.memp_free         memp.o
    0x08008640   0x08008640   0x00000020   Code   RO         6959    i.memp_init         memp.o
    0x08008660   0x08008660   0x0000002a   Code   RO         6960    i.memp_init_pool    memp.o
    0x0800868a   0x0800868a   0x00000002   PAD
    0x0800868c   0x0800868c   0x000000a4   Code   RO         6961    i.memp_malloc       memp.o
    0x08008730   0x08008730   0x00000022   Code   RO         6055    i.netbuf_delete     netbuf.o
    0x08008752   0x08008752   0x00000002   PAD
    0x08008754   0x08008754   0x000000a0   Code   RO         6057    i.netbuf_free       netbuf.o
    0x080087f4   0x080087f4   0x000000c4   Code   RO         6060    i.netbuf_ref        netbuf.o
    0x080088b8   0x080088b8   0x00000138   Code   RO         5536    i.netconn_accept    api_lib.o
    0x080089f0   0x080089f0   0x00000104   Code   RO         5784    i.netconn_alloc     api_msg.o
    0x08008af4   0x08008af4   0x00000016   Code   RO         5537    i.netconn_apimsg    api_lib.o
    0x08008b0a   0x08008b0a   0x00000002   PAD
    0x08008b0c   0x08008b0c   0x000000b8   Code   RO         5538    i.netconn_bind      api_lib.o
    0x08008bc4   0x08008bc4   0x000000b0   Code   RO         5541    i.netconn_close_shutdown  api_lib.o
    0x08008c74   0x08008c74   0x0000001e   Code   RO         5543    i.netconn_delete    api_lib.o
    0x08008c92   0x08008c92   0x0000009c   Code   RO         5785    i.netconn_drain     api_msg.o
    0x08008d2e   0x08008d2e   0x0000001e   Code   RO         5545    i.netconn_err       api_lib.o
    0x08008d4c   0x08008d4c   0x0000016c   Code   RO         5786    i.netconn_free      api_msg.o
    0x08008eb8   0x08008eb8   0x0000010c   Code   RO         5546    i.netconn_getaddr   api_lib.o
    0x08008fc4   0x08008fc4   0x000000a8   Code   RO         5547    i.netconn_listen_with_backlog  api_lib.o
    0x0800906c   0x0800906c   0x00000178   Code   RO         5548    i.netconn_new_with_proto_and_callback  api_lib.o
    0x080091e4   0x080091e4   0x00000020   Code   RO         5549    i.netconn_prepare_delete  api_lib.o
    0x08009204   0x08009204   0x00000188   Code   RO         5551    i.netconn_recv_data  api_lib.o
    0x0800938c   0x0800938c   0x00000092   Code   RO         5552    i.netconn_recv_data_tcp  api_lib.o
    0x0800941e   0x0800941e   0x00000002   PAD
    0x08009420   0x08009420   0x000000ac   Code   RO         5554    i.netconn_recv_tcp_pbuf_flags  api_lib.o
    0x080094cc   0x080094cc   0x000000b4   Code   RO         5556    i.netconn_recv_udp_raw_netbuf_flags  api_lib.o
    0x08009580   0x08009580   0x000000a8   Code   RO         5557    i.netconn_send      api_lib.o
    0x08009628   0x08009628   0x000000b0   Code   RO         5560    i.netconn_tcp_recvd  api_lib.o
    0x080096d8   0x080096d8   0x000000b8   Code   RO         5561    i.netconn_tcp_recvd_msg  api_lib.o
    0x08009790   0x08009790   0x00000014   Code   RO         5562    i.netconn_write_partly  api_lib.o
    0x080097a4   0x080097a4   0x0000018c   Code   RO         5563    i.netconn_write_vectors_partly  api_lib.o
    0x08009930   0x08009930   0x000001dc   Code   RO         7101    i.netif_add         netif.o
    0x08009b0c   0x08009b0c   0x00000016   Code   RO         7103    i.netif_do_ip_addr_changed  netif.o
    0x08009b22   0x08009b22   0x00000016   Code   RO         7104    i.netif_do_set_gw   netif.o
    0x08009b38   0x08009b38   0x000000c4   Code   RO         7105    i.netif_do_set_ipaddr  netif.o
    0x08009bfc   0x08009bfc   0x00000016   Code   RO         7106    i.netif_do_set_netmask  netif.o
    0x08009c12   0x08009c12   0x00000002   PAD
    0x08009c14   0x08009c14   0x00000028   Code   RO         7108    i.netif_get_by_index  netif.o
    0x08009c3c   0x08009c3c   0x00000002   Code   RO         7110    i.netif_init        netif.o
    0x08009c3e   0x08009c3e   0x00000002   PAD
    0x08009c40   0x08009c40   0x000000c0   Code   RO         7112    i.netif_issue_reports  netif.o
    0x08009d00   0x08009d00   0x00000006   Code   RO         7114    i.netif_null_output_ip4  netif.o
    0x08009d06   0x08009d06   0x00000002   PAD
    0x08009d08   0x08009d08   0x00000060   Code   RO         7116    i.netif_set_addr    netif.o
    0x08009d68   0x08009d68   0x0000000c   Code   RO         7117    i.netif_set_default  netif.o
    0x08009d74   0x08009d74   0x000000a8   Code   RO         7118    i.netif_set_down    netif.o
    0x08009e1c   0x08009e1c   0x00000008   Code   RO         7121    i.netif_set_link_callback  netif.o
    0x08009e24   0x08009e24   0x000000ac   Code   RO         7122    i.netif_set_link_down  netif.o
    0x08009ed0   0x08009ed0   0x000000c8   Code   RO         7123    i.netif_set_link_up  netif.o
    0x08009f98   0x08009f98   0x000000a0   Code   RO         7125    i.netif_set_up      netif.o
    0x0800a038   0x0800a038   0x0000001a   Code   RO         3944    i.osDelay           cmsis_os2.o
    0x0800a052   0x0800a052   0x0000000e   Code   RO         3956    i.osKernelGetTickCount  cmsis_os2.o
    0x0800a060   0x0800a060   0x00000024   Code   RO         3958    i.osKernelInitialize  cmsis_os2.o
    0x0800a084   0x0800a084   0x00000038   Code   RO         3961    i.osKernelStart     cmsis_os2.o
    0x0800a0bc   0x0800a0bc   0x0000002a   Code   RO         3972    i.osMessageQueueDelete  cmsis_os2.o
    0x0800a0e6   0x0800a0e6   0x00000002   PAD
    0x0800a0e8   0x0800a0e8   0x00000064   Code   RO         3973    i.osMessageQueueGet  cmsis_os2.o
    0x0800a14c   0x0800a14c   0x00000014   Code   RO         3975    i.osMessageQueueGetCount  cmsis_os2.o
    0x0800a160   0x0800a160   0x00000058   Code   RO         3978    i.osMessageQueueNew  cmsis_os2.o
    0x0800a1b8   0x0800a1b8   0x00000068   Code   RO         3979    i.osMessageQueuePut  cmsis_os2.o
    0x0800a220   0x0800a220   0x00000052   Code   RO         3981    i.osMutexAcquire    cmsis_os2.o
    0x0800a272   0x0800a272   0x00000068   Code   RO         3984    i.osMutexNew        cmsis_os2.o
    0x0800a2da   0x0800a2da   0x00000042   Code   RO         3985    i.osMutexRelease    cmsis_os2.o
    0x0800a31c   0x0800a31c   0x0000005c   Code   RO         3986    i.osSemaphoreAcquire  cmsis_os2.o
    0x0800a378   0x0800a378   0x0000002a   Code   RO         3987    i.osSemaphoreDelete  cmsis_os2.o
    0x0800a3a2   0x0800a3a2   0x00000014   Code   RO         3988    i.osSemaphoreGetCount  cmsis_os2.o
    0x0800a3b6   0x0800a3b6   0x00000098   Code   RO         3989    i.osSemaphoreNew    cmsis_os2.o
    0x0800a44e   0x0800a44e   0x00000002   PAD
    0x0800a450   0x0800a450   0x00000058   Code   RO         3990    i.osSemaphoreRelease  cmsis_os2.o
    0x0800a4a8   0x0800a4a8   0x0000008c   Code   RO         4003    i.osThreadNew       cmsis_os2.o
    0x0800a534   0x0800a534   0x00000006   Code   RO         7289    i.pbuf_add_header   pbuf.o
    0x0800a53a   0x0800a53a   0x00000002   PAD
    0x0800a53c   0x0800a53c   0x000000c0   Code   RO         7291    i.pbuf_add_header_impl  pbuf.o
    0x0800a5fc   0x0800a5fc   0x0000025c   Code   RO         7292    i.pbuf_alloc        pbuf.o
    0x0800a858   0x0800a858   0x000000b0   Code   RO         7293    i.pbuf_alloc_reference  pbuf.o
    0x0800a908   0x0800a908   0x00000036   Code   RO         7294    i.pbuf_alloced_custom  pbuf.o
    0x0800a93e   0x0800a93e   0x00000002   PAD
    0x0800a940   0x0800a940   0x00000130   Code   RO         7295    i.pbuf_cat          pbuf.o
    0x0800aa70   0x0800aa70   0x00000012   Code   RO         7296    i.pbuf_chain        pbuf.o
    0x0800aa82   0x0800aa82   0x00000012   Code   RO         7297    i.pbuf_clen         pbuf.o
    0x0800aa94   0x0800aa94   0x0000009c   Code   RO         7298    i.pbuf_clone        pbuf.o
    0x0800ab30   0x0800ab30   0x000001e0   Code   RO         7300    i.pbuf_copy         pbuf.o
    0x0800ad10   0x0800ad10   0x00000118   Code   RO         7301    i.pbuf_copy_partial  pbuf.o
    0x0800ae28   0x0800ae28   0x00000164   Code   RO         7303    i.pbuf_free         pbuf.o
    0x0800af8c   0x0800af8c   0x00000032   Code   RO         7304    i.pbuf_free_header  pbuf.o
    0x0800afbe   0x0800afbe   0x00000002   PAD
    0x0800afc0   0x0800afc0   0x00000034   Code   RO         7305    i.pbuf_free_ooseq_callback  pbuf.o
    0x0800aff4   0x0800aff4   0x00000006   Code   RO         7309    i.pbuf_header_force  pbuf.o
    0x0800affa   0x0800affa   0x0000000e   Code   RO         7310    i.pbuf_header_impl  pbuf.o
    0x0800b008   0x0800b008   0x0000001c   Code   RO         7311    i.pbuf_init_alloced_pbuf  pbuf.o
    0x0800b024   0x0800b024   0x00000134   Code   RO         7315    i.pbuf_realloc      pbuf.o
    0x0800b158   0x0800b158   0x0000009c   Code   RO         7316    i.pbuf_ref          pbuf.o
    0x0800b1f4   0x0800b1f4   0x000000d0   Code   RO         7317    i.pbuf_remove_header  pbuf.o
    0x0800b2c4   0x0800b2c4   0x000000f8   Code   RO         5787    i.pcb_new           api_msg.o
    0x0800b3bc   0x0800b3bc   0x000001a0   Code   RO         6884    i.plug_holes        mem.o
    0x0800b55c   0x0800b55c   0x000000dc   Code   RO         5788    i.poll_tcp          api_msg.o
    0x0800b638   0x0800b638   0x0000005c   Code   RO         3403    i.prvAddCurrentTaskToDelayedList  tasks.o
    0x0800b694   0x0800b694   0x000000d0   Code   RO         3404    i.prvAddNewTaskToReadyList  tasks.o
    0x0800b764   0x0800b764   0x00000058   Code   RO         3768    i.prvCheckForValidListAndQueue  timers.o
    0x0800b7bc   0x0800b7bc   0x00000026   Code   RO         3000    i.prvCopyDataFromQueue  queue.o
    0x0800b7e2   0x0800b7e2   0x0000006c   Code   RO         3001    i.prvCopyDataToQueue  queue.o
    0x0800b84e   0x0800b84e   0x00000034   Code   RO         3405    i.prvDeleteTCB      tasks.o
    0x0800b882   0x0800b882   0x00000002   PAD
    0x0800b884   0x0800b884   0x00000048   Code   RO         4455    i.prvHeapInit       heap_4.o
    0x0800b8cc   0x0800b8cc   0x00000060   Code   RO         3406    i.prvIdleTask       tasks.o
    0x0800b92c   0x0800b92c   0x00000016   Code   RO         3002    i.prvInitialiseMutex  queue.o
    0x0800b942   0x0800b942   0x00000002   PAD
    0x0800b944   0x0800b944   0x00000022   Code   RO         3003    i.prvInitialiseNewQueue  queue.o
    0x0800b966   0x0800b966   0x00000002   PAD
    0x0800b968   0x0800b968   0x000000b0   Code   RO         3407    i.prvInitialiseNewTask  tasks.o
    0x0800ba18   0x0800ba18   0x0000004c   Code   RO         4456    i.prvInsertBlockIntoFreeList  heap_4.o
    0x0800ba64   0x0800ba64   0x00000038   Code   RO         3770    i.prvInsertTimerInActiveList  timers.o
    0x0800ba9c   0x0800ba9c   0x0000001c   Code   RO         3004    i.prvIsQueueEmpty   queue.o
    0x0800bab8   0x0800bab8   0x000000fc   Code   RO         3771    i.prvProcessReceivedCommands  timers.o
    0x0800bbb4   0x0800bbb4   0x000000c0   Code   RO         3772    i.prvProcessTimerOrBlockTask  timers.o
    0x0800bc74   0x0800bc74   0x00000020   Code   RO         3409    i.prvResetNextTaskUnblockTime  tasks.o
    0x0800bc94   0x0800bc94   0x00000028   Code   RO         3773    i.prvSampleTimeNow  timers.o
    0x0800bcbc   0x0800bcbc   0x0000006c   Code   RO         3774    i.prvSwitchTimerLists  timers.o
    0x0800bd28   0x0800bd28   0x00000028   Code   RO         4511    i.prvTaskExitError  port.o
    0x0800bd50   0x0800bd50   0x00000024   Code   RO         3775    i.prvTimerTask      timers.o
    0x0800bd74   0x0800bd74   0x0000006a   Code   RO         3005    i.prvUnlockQueue    queue.o
    0x0800bdde   0x0800bdde   0x00000002   PAD
    0x0800bde0   0x0800bde0   0x0000000c   Code   RO         6885    i.ptr_to_mem        mem.o
    0x0800bdec   0x0800bdec   0x000000dc   Code   RO         4457    i.pvPortMalloc      heap_4.o
    0x0800bec8   0x0800bec8   0x00000018   Code   RO         3412    i.pvTaskIncrementMutexHeldCount  tasks.o
    0x0800bee0   0x0800bee0   0x0000002c   Code   RO         4512    i.pxPortInitialiseStack  port.o
    0x0800bf0c   0x0800bf0c   0x00000184   Code   RO         5789    i.recv_tcp          api_msg.o
    0x0800c090   0x0800c090   0x00000164   Code   RO         5790    i.recv_udp          api_msg.o
    0x0800c1f4   0x0800c1f4   0x000000d0   Code   RO         6218    i.select_check_waiters  sockets.o
    0x0800c2c4   0x0800c2c4   0x000000d0   Code   RO         5791    i.sent_tcp          api_msg.o
    0x0800c394   0x0800c394   0x00000044   Code   RO         5792    i.setup_tcp         api_msg.o
    0x0800c3d8   0x0800c3d8   0x0000003e   Code   RO         9114    i.sys_arch_mbox_fetch  sys_arch.o
    0x0800c416   0x0800c416   0x00000016   Code   RO         9115    i.sys_arch_mbox_tryfetch  sys_arch.o
    0x0800c42c   0x0800c42c   0x00000018   Code   RO         9116    i.sys_arch_protect  sys_arch.o
    0x0800c444   0x0800c444   0x00000038   Code   RO         9117    i.sys_arch_sem_wait  sys_arch.o
    0x0800c47c   0x0800c47c   0x0000000c   Code   RO         9118    i.sys_arch_unprotect  sys_arch.o
    0x0800c488   0x0800c488   0x00000044   Code   RO         8136    i.sys_check_timeouts  timeouts.o
    0x0800c4cc   0x0800c4cc   0x00000014   Code   RO         9119    i.sys_init          sys_arch.o
    0x0800c4e0   0x0800c4e0   0x00000014   Code   RO         9120    i.sys_mbox_free     sys_arch.o
    0x0800c4f4   0x0800c4f4   0x0000001e   Code   RO         9121    i.sys_mbox_new      sys_arch.o
    0x0800c512   0x0800c512   0x00000006   Code   RO         9123    i.sys_mbox_set_invalid  sys_arch.o
    0x0800c518   0x0800c518   0x00000018   Code   RO         9124    i.sys_mbox_trypost  sys_arch.o
    0x0800c530   0x0800c530   0x0000000a   Code   RO         9126    i.sys_mbox_valid    sys_arch.o
    0x0800c53a   0x0800c53a   0x0000000a   Code   RO         9128    i.sys_mutex_lock    sys_arch.o
    0x0800c544   0x0800c544   0x00000018   Code   RO         9129    i.sys_mutex_new     sys_arch.o
    0x0800c55c   0x0800c55c   0x00000006   Code   RO         9130    i.sys_mutex_unlock  sys_arch.o
    0x0800c562   0x0800c562   0x00000004   Code   RO         4602    i.sys_now           ethernetif.o
    0x0800c566   0x0800c566   0x00000006   Code   RO         9131    i.sys_sem_free      sys_arch.o
    0x0800c56c   0x0800c56c   0x00000028   Code   RO         9132    i.sys_sem_new       sys_arch.o
    0x0800c594   0x0800c594   0x00000006   Code   RO         9133    i.sys_sem_set_invalid  sys_arch.o
    0x0800c59a   0x0800c59a   0x00000006   Code   RO         9134    i.sys_sem_signal    sys_arch.o
    0x0800c5a0   0x0800c5a0   0x0000000a   Code   RO         9135    i.sys_sem_valid     sys_arch.o
    0x0800c5aa   0x0800c5aa   0x0000002e   Code   RO         9136    i.sys_thread_new    sys_arch.o
    0x0800c5d8   0x0800c5d8   0x000000c4   Code   RO         8138    i.sys_timeout       timeouts.o
    0x0800c69c   0x0800c69c   0x000000f8   Code   RO         8139    i.sys_timeout_abs   timeouts.o
    0x0800c794   0x0800c794   0x00000028   Code   RO         8140    i.sys_timeouts_init  timeouts.o
    0x0800c7bc   0x0800c7bc   0x00000028   Code   RO         8141    i.sys_timeouts_sleeptime  timeouts.o
    0x0800c7e4   0x0800c7e4   0x000001ac   Code   RO         7573    i.tcp_abandon       tcp.o
    0x0800c990   0x0800c990   0x00000006   Code   RO         7574    i.tcp_abort         tcp.o
    0x0800c996   0x0800c996   0x0000000e   Code   RO         7575    i.tcp_accept        tcp.o
    0x0800c9a4   0x0800c9a4   0x00000098   Code   RO         7576    i.tcp_accept_null   tcp.o
    0x0800ca3c   0x0800ca3c   0x00000124   Code   RO         7577    i.tcp_alloc         tcp.o
    0x0800cb60   0x0800cb60   0x00000008   Code   RO         7578    i.tcp_arg           tcp.o
    0x0800cb68   0x0800cb68   0x0000014c   Code   RO         7579    i.tcp_bind          tcp.o
    0x0800ccb4   0x0800ccb4   0x000000a0   Code   RO         7581    i.tcp_close         tcp.o
    0x0800cd54   0x0800cd54   0x000001dc   Code   RO         7582    i.tcp_close_shutdown  tcp.o
    0x0800cf30   0x0800cf30   0x000000c4   Code   RO         7583    i.tcp_close_shutdown_fin  tcp.o
    0x0800cff4   0x0800cff4   0x00000180   Code   RO         7975    i.tcp_create_segment  tcp_out.o
    0x0800d174   0x0800d174   0x000000b8   Code   RO         7586    i.tcp_eff_send_mss_netif  tcp.o
    0x0800d22c   0x0800d22c   0x00000234   Code   RO         7976    i.tcp_enqueue_flags  tcp_out.o
    0x0800d460   0x0800d460   0x000000a4   Code   RO         7587    i.tcp_err           tcp.o
    0x0800d504   0x0800d504   0x0000006c   Code   RO         7588    i.tcp_fasttmr       tcp.o
    0x0800d570   0x0800d570   0x00000090   Code   RO         7589    i.tcp_free          tcp.o
    0x0800d600   0x0800d600   0x0000013c   Code   RO         7886    i.tcp_free_acked_segments  tcp_in.o
    0x0800d73c   0x0800d73c   0x00000014   Code   RO         7590    i.tcp_free_ooseq    tcp.o
    0x0800d750   0x0800d750   0x00000028   Code   RO         7887    i.tcp_get_next_optbyte  tcp_in.o
    0x0800d778   0x0800d778   0x00000018   Code   RO         7591    i.tcp_init          tcp.o
    0x0800d790   0x0800d790   0x00000650   Code   RO         7888    i.tcp_input         tcp_in.o
    0x0800dde0   0x0800dde0   0x000000d4   Code   RO         7889    i.tcp_input_delayed_close  tcp_in.o
    0x0800deb4   0x0800deb4   0x000000cc   Code   RO         7977    i.tcp_keepalive     tcp_out.o
    0x0800df80   0x0800df80   0x000000bc   Code   RO         7592    i.tcp_kill_state    tcp.o
    0x0800e03c   0x0800e03c   0x00000070   Code   RO         7593    i.tcp_listen_closed  tcp.o
    0x0800e0ac   0x0800e0ac   0x00000198   Code   RO         7890    i.tcp_listen_input  tcp_in.o
    0x0800e244   0x0800e244   0x00000180   Code   RO         7595    i.tcp_listen_with_backlog_and_err  tcp.o
    0x0800e3c4   0x0800e3c4   0x0000004c   Code   RO         7596    i.tcp_netif_ip_addr_changed  tcp.o
    0x0800e410   0x0800e410   0x000000c0   Code   RO         7597    i.tcp_netif_ip_addr_changed_pcblist  tcp.o
    0x0800e4d0   0x0800e4d0   0x00000006   Code   RO         7599    i.tcp_new_ip_type   tcp.o
    0x0800e4d6   0x0800e4d6   0x00000002   PAD
    0x0800e4d8   0x0800e4d8   0x00000060   Code   RO         7600    i.tcp_new_port      tcp.o
    0x0800e538   0x0800e538   0x00000098   Code   RO         7601    i.tcp_next_iss      tcp.o
    0x0800e5d0   0x0800e5d0   0x0000010c   Code   RO         7891    i.tcp_oos_insert_segment  tcp_in.o
    0x0800e6dc   0x0800e6dc   0x000002e0   Code   RO         7978    i.tcp_output        tcp_out.o
    0x0800e9bc   0x0800e9bc   0x000000cc   Code   RO         7979    i.tcp_output_alloc_header  tcp_out.o
    0x0800ea88   0x0800ea88   0x00000110   Code   RO         7980    i.tcp_output_alloc_header_common  tcp_out.o
    0x0800eb98   0x0800eb98   0x000000e0   Code   RO         7981    i.tcp_output_control_segment  tcp_out.o
    0x0800ec78   0x0800ec78   0x000000d8   Code   RO         7982    i.tcp_output_fill_options  tcp_out.o
    0x0800ed50   0x0800ed50   0x000001dc   Code   RO         7983    i.tcp_output_segment  tcp_out.o
    0x0800ef2c   0x0800ef2c   0x000000a8   Code   RO         7984    i.tcp_output_segment_busy  tcp_out.o
    0x0800efd4   0x0800efd4   0x000000fc   Code   RO         7892    i.tcp_parseopt      tcp_in.o
    0x0800f0d0   0x0800f0d0   0x00000150   Code   RO         7985    i.tcp_pbuf_prealloc  tcp_out.o
    0x0800f220   0x0800f220   0x000000cc   Code   RO         7602    i.tcp_pcb_purge     tcp.o
    0x0800f2ec   0x0800f2ec   0x00000190   Code   RO         7603    i.tcp_pcb_remove    tcp.o
    0x0800f47c   0x0800f47c   0x000000cc   Code   RO         7604    i.tcp_poll          tcp.o
    0x0800f548   0x0800f548   0x000004c2   Code   RO         7893    i.tcp_process       tcp_in.o
    0x0800fa0a   0x0800fa0a   0x00000002   PAD
    0x0800fa0c   0x0800fa0c   0x00000104   Code   RO         7605    i.tcp_process_refused_data  tcp.o
    0x0800fb10   0x0800fb10   0x00000904   Code   RO         7894    i.tcp_receive       tcp_in.o
    0x08010414   0x08010414   0x000000a4   Code   RO         7606    i.tcp_recv          tcp.o
    0x080104b8   0x080104b8   0x000000b0   Code   RO         7607    i.tcp_recv_null     tcp.o
    0x08010568   0x08010568   0x00000100   Code   RO         7608    i.tcp_recved        tcp.o
    0x08010668   0x08010668   0x00000058   Code   RO         7609    i.tcp_remove_listener  tcp.o
    0x080106c0   0x080106c0   0x000000ec   Code   RO         7986    i.tcp_rexmit        tcp_out.o
    0x080107ac   0x080107ac   0x000000e8   Code   RO         7987    i.tcp_rexmit_fast   tcp_out.o
    0x08010894   0x08010894   0x000000a4   Code   RO         7988    i.tcp_rexmit_rto    tcp_out.o
    0x08010938   0x08010938   0x000000ac   Code   RO         7989    i.tcp_rexmit_rto_commit  tcp_out.o
    0x080109e4   0x080109e4   0x000000f8   Code   RO         7990    i.tcp_rexmit_rto_prepare  tcp_out.o
    0x08010adc   0x08010adc   0x00000010   Code   RO         7991    i.tcp_route         tcp_out.o
    0x08010aec   0x08010aec   0x00000114   Code   RO         7992    i.tcp_rst           tcp_out.o
    0x08010c00   0x08010c00   0x000000ac   Code   RO         7610    i.tcp_seg_copy      tcp.o
    0x08010cac   0x08010cac   0x0000001c   Code   RO         7611    i.tcp_seg_free      tcp.o
    0x08010cc8   0x08010cc8   0x00000012   Code   RO         7612    i.tcp_segs_free     tcp.o
    0x08010cda   0x08010cda   0x00000002   PAD
    0x08010cdc   0x08010cdc   0x000000ec   Code   RO         7993    i.tcp_send_empty_ack  tcp_out.o
    0x08010dc8   0x08010dc8   0x000000cc   Code   RO         7994    i.tcp_send_fin      tcp_out.o
    0x08010e94   0x08010e94   0x000000a4   Code   RO         7613    i.tcp_sent          tcp.o
    0x08010f38   0x08010f38   0x000000dc   Code   RO         7615    i.tcp_shutdown      tcp.o
    0x08011014   0x08011014   0x00000110   Code   RO         9519    i.tcp_slave_handle_read_coils  mb_tcp_slave.o
    0x08011124   0x08011124   0x0000010c   Code   RO         9520    i.tcp_slave_handle_read_discs  mb_tcp_slave.o
    0x08011230   0x08011230   0x000000f2   Code   RO         9521    i.tcp_slave_handle_read_holding_regs  mb_tcp_slave.o
    0x08011322   0x08011322   0x000000f2   Code   RO         9522    i.tcp_slave_handle_read_input_regs  mb_tcp_slave.o
    0x08011414   0x08011414   0x000000fe   Code   RO         9523    i.tcp_slave_handle_write_multi_coils  mb_tcp_slave.o
    0x08011512   0x08011512   0x00000002   PAD
    0x08011514   0x08011514   0x000000fe   Code   RO         9524    i.tcp_slave_handle_write_multi_holding_regs  mb_tcp_slave.o
    0x08011612   0x08011612   0x000000e0   Code   RO         9525    i.tcp_slave_handle_write_single_coil  mb_tcp_slave.o
    0x080116f2   0x080116f2   0x000000e0   Code   RO         9526    i.tcp_slave_handle_write_single_holding_reg  mb_tcp_slave.o
    0x080117d2   0x080117d2   0x00000002   PAD
    0x080117d4   0x080117d4   0x000005d0   Code   RO         7616    i.tcp_slowtmr       tcp.o
    0x08011da4   0x08011da4   0x0000022c   Code   RO         7995    i.tcp_split_unsent_seg  tcp_out.o
    0x08011fd0   0x08011fd0   0x00000034   Code   RO         8143    i.tcp_timer_needed  timeouts.o
    0x08012004   0x08012004   0x00000100   Code   RO         7895    i.tcp_timewait_input  tcp_in.o
    0x08012104   0x08012104   0x00000020   Code   RO         7618    i.tcp_tmr           tcp.o
    0x08012124   0x08012124   0x00000010   Code   RO         7896    i.tcp_trigger_input_pcb_close  tcp_in.o
    0x08012134   0x08012134   0x000000f4   Code   RO         7620    i.tcp_update_rcv_ann_wnd  tcp.o
    0x08012228   0x08012228   0x000006b8   Code   RO         7996    i.tcp_write         tcp_out.o
    0x080128e0   0x080128e0   0x00000174   Code   RO         7997    i.tcp_write_checks  tcp_out.o
    0x08012a54   0x08012a54   0x00000140   Code   RO         7998    i.tcp_zero_window_probe  tcp_out.o
    0x08012b94   0x08012b94   0x00000110   Code   RO         6494    i.tcpip_init        tcpip.o
    0x08012ca4   0x08012ca4   0x000000c0   Code   RO         6495    i.tcpip_inpkt       tcpip.o
    0x08012d64   0x08012d64   0x0000001c   Code   RO         6496    i.tcpip_input       tcpip.o
    0x08012d80   0x08012d80   0x00000020   Code   RO         6497    i.tcpip_send_msg_wait_sem  tcpip.o
    0x08012da0   0x08012da0   0x00000038   Code   RO         8144    i.tcpip_tcp_timer   timeouts.o
    0x08012dd8   0x08012dd8   0x000000f8   Code   RO         6498    i.tcpip_thread      tcpip.o
    0x08012ed0   0x08012ed0   0x000000cc   Code   RO         6499    i.tcpip_thread_handle_msg  tcpip.o
    0x08012f9c   0x08012f9c   0x000000bc   Code   RO         6500    i.tcpip_try_callback  tcpip.o
    0x08013058   0x08013058   0x00000012   Code   RO         6219    i.tryget_socket     sockets.o
    0x0801306a   0x0801306a   0x00000002   PAD
    0x0801306c   0x0801306c   0x00000014   Code   RO         6221    i.tryget_socket_unconn_nouse  sockets.o
    0x08013080   0x08013080   0x00000134   Code   RO         8224    i.udp_bind          udp.o
    0x080131b4   0x080131b4   0x00000100   Code   RO         8226    i.udp_connect       udp.o
    0x080132b4   0x080132b4   0x00000018   Code   RO         8228    i.udp_init          udp.o
    0x080132cc   0x080132cc   0x000001e8   Code   RO         8229    i.udp_input         udp.o
    0x080134b4   0x080134b4   0x0000010c   Code   RO         8230    i.udp_input_local_match  udp.o
    0x080135c0   0x080135c0   0x00000034   Code   RO         8231    i.udp_netif_ip_addr_changed  udp.o
    0x080135f4   0x080135f4   0x0000001a   Code   RO         8232    i.udp_new           udp.o
    0x0801360e   0x0801360e   0x00000004   Code   RO         8233    i.udp_new_ip_type   udp.o
    0x08013612   0x08013612   0x00000002   PAD
    0x08013614   0x08013614   0x00000088   Code   RO         8234    i.udp_recv          udp.o
    0x0801369c   0x0801369c   0x000000b0   Code   RO         8235    i.udp_remove        udp.o
    0x0801374c   0x0801374c   0x000000bc   Code   RO         8236    i.udp_send          udp.o
    0x08013808   0x08013808   0x00000114   Code   RO         8237    i.udp_sendto        udp.o
    0x0801391c   0x0801391c   0x00000140   Code   RO         8238    i.udp_sendto_if     udp.o
    0x08013a5c   0x08013a5c   0x00000248   Code   RO         8239    i.udp_sendto_if_src  udp.o
    0x08013ca4   0x08013ca4   0x00000026   Code   RO         2960    i.uxListRemove      list.o
    0x08013cca   0x08013cca   0x00000024   Code   RO         3008    i.uxQueueMessagesWaiting  queue.o
    0x08013cee   0x08013cee   0x00000016   Code   RO         3009    i.uxQueueMessagesWaitingFromISR  queue.o
    0x08013d04   0x08013d04   0x00000018   Code   RO         4015    i.vApplicationGetIdleTaskMemory  cmsis_os2.o
    0x08013d1c   0x08013d1c   0x00000018   Code   RO         4016    i.vApplicationGetTimerTaskMemory  cmsis_os2.o
    0x08013d34   0x08013d34   0x00000016   Code   RO         2961    i.vListInitialise   list.o
    0x08013d4a   0x08013d4a   0x00000006   Code   RO         2962    i.vListInitialiseItem  list.o
    0x08013d50   0x08013d50   0x00000030   Code   RO         2963    i.vListInsert       list.o
    0x08013d80   0x08013d80   0x00000018   Code   RO         2964    i.vListInsertEnd    list.o
    0x08013d98   0x08013d98   0x00000040   Code   RO         4514    i.vPortEnterCritical  port.o
    0x08013dd8   0x08013dd8   0x00000028   Code   RO         4515    i.vPortExitCritical  port.o
    0x08013e00   0x08013e00   0x00000064   Code   RO         4458    i.vPortFree         heap_4.o
    0x08013e64   0x08013e64   0x00000024   Code   RO         4516    i.vPortSetupTimerInterrupt  port.o
    0x08013e88   0x08013e88   0x00000054   Code   RO         4517    i.vPortValidateInterruptPriority  port.o
    0x08013edc   0x08013edc   0x00000028   Code   RO         3011    i.vQueueAddToRegistry  queue.o
    0x08013f04   0x08013f04   0x0000002e   Code   RO         3012    i.vQueueDelete      queue.o
    0x08013f32   0x08013f32   0x00000002   PAD
    0x08013f34   0x08013f34   0x00000028   Code   RO         3014    i.vQueueUnregisterQueue  queue.o
    0x08013f5c   0x08013f5c   0x00000044   Code   RO         3015    i.vQueueWaitForMessageRestricted  queue.o
    0x08013fa0   0x08013fa0   0x0000004c   Code   RO         3422    i.vTaskDelay        tasks.o
    0x08013fec   0x08013fec   0x00000090   Code   RO         3424    i.vTaskDelete       tasks.o
    0x0801407c   0x0801407c   0x00000010   Code   RO         3427    i.vTaskInternalSetTimeOutState  tasks.o
    0x0801408c   0x0801408c   0x0000000c   Code   RO         3428    i.vTaskMissedYield  tasks.o
    0x08014098   0x08014098   0x00000030   Code   RO         3430    i.vTaskPlaceOnEventList  tasks.o
    0x080140c8   0x080140c8   0x00000038   Code   RO         3431    i.vTaskPlaceOnEventListRestricted  tasks.o
    0x08014100   0x08014100   0x00000090   Code   RO         3433    i.vTaskPriorityDisinheritAfterTimeout  tasks.o
    0x08014190   0x08014190   0x00000088   Code   RO         3439    i.vTaskStartScheduler  tasks.o
    0x08014218   0x08014218   0x00000010   Code   RO         3441    i.vTaskSuspendAll   tasks.o
    0x08014228   0x08014228   0x00000064   Code   RO         3442    i.vTaskSwitchContext  tasks.o
    0x0801428c   0x0801428c   0x00000090   Code   RO         4728    i.vThreadServerTask  lwip.o
    0x0801431c   0x0801431c   0x000000f4   Code   RO         4518    i.xPortStartScheduler  port.o
    0x08014410   0x08014410   0x0000002c   Code   RO         4519    i.xPortSysTickHandler  port.o
    0x0801443c   0x0801443c   0x0000003a   Code   RO         3016    i.xQueueCreateCountingSemaphore  queue.o
    0x08014476   0x08014476   0x00000040   Code   RO         3017    i.xQueueCreateCountingSemaphoreStatic  queue.o
    0x080144b6   0x080144b6   0x00000016   Code   RO         3018    i.xQueueCreateMutex  queue.o
    0x080144cc   0x080144cc   0x0000001a   Code   RO         3019    i.xQueueCreateMutexStatic  queue.o
    0x080144e6   0x080144e6   0x00000042   Code   RO         3020    i.xQueueGenericCreate  queue.o
    0x08014528   0x08014528   0x00000066   Code   RO         3021    i.xQueueGenericCreateStatic  queue.o
    0x0801458e   0x0801458e   0x00000002   PAD
    0x08014590   0x08014590   0x00000088   Code   RO         3022    i.xQueueGenericReset  queue.o
    0x08014618   0x08014618   0x00000160   Code   RO         3023    i.xQueueGenericSend  queue.o
    0x08014778   0x08014778   0x000000be   Code   RO         3024    i.xQueueGenericSendFromISR  queue.o
    0x08014836   0x08014836   0x0000009c   Code   RO         3027    i.xQueueGiveFromISR  queue.o
    0x080148d2   0x080148d2   0x0000003e   Code   RO         3028    i.xQueueGiveMutexRecursive  queue.o
    0x08014910   0x08014910   0x00000138   Code   RO         3033    i.xQueueReceive     queue.o
    0x08014a48   0x08014a48   0x0000009a   Code   RO         3034    i.xQueueReceiveFromISR  queue.o
    0x08014ae2   0x08014ae2   0x00000002   PAD
    0x08014ae4   0x08014ae4   0x00000178   Code   RO         3035    i.xQueueSemaphoreTake  queue.o
    0x08014c5c   0x08014c5c   0x00000040   Code   RO         3036    i.xQueueTakeMutexRecursive  queue.o
    0x08014c9c   0x08014c9c   0x00000074   Code   RO         3444    i.xTaskCheckForTimeOut  tasks.o
    0x08014d10   0x08014d10   0x0000005a   Code   RO         3445    i.xTaskCreate       tasks.o
    0x08014d6a   0x08014d6a   0x00000056   Code   RO         3446    i.xTaskCreateStatic  tasks.o
    0x08014dc0   0x08014dc0   0x0000000c   Code   RO         3449    i.xTaskGetCurrentTaskHandle  tasks.o
    0x08014dcc   0x08014dcc   0x0000001c   Code   RO         3450    i.xTaskGetSchedulerState  tasks.o
    0x08014de8   0x08014de8   0x0000000c   Code   RO         3451    i.xTaskGetTickCount  tasks.o
    0x08014df4   0x08014df4   0x00000010   Code   RO         3452    i.xTaskGetTickCountFromISR  tasks.o
    0x08014e04   0x08014e04   0x000000c8   Code   RO         3453    i.xTaskIncrementTick  tasks.o
    0x08014ecc   0x08014ecc   0x00000080   Code   RO         3456    i.xTaskPriorityDisinherit  tasks.o
    0x08014f4c   0x08014f4c   0x00000078   Code   RO         3457    i.xTaskPriorityInherit  tasks.o
    0x08014fc4   0x08014fc4   0x00000070   Code   RO         3458    i.xTaskRemoveFromEventList  tasks.o
    0x08015034   0x08015034   0x000000c4   Code   RO         3459    i.xTaskResumeAll    tasks.o
    0x080150f8   0x080150f8   0x00000060   Code   RO         3784    i.xTimerCreateTimerTask  timers.o
    0x08015158   0x08015158   0x00000068   Code   RO         3785    i.xTimerGenericCommand  timers.o
    0x080151c0   0x080151c0   0x00000058   Data   RO          357    .constdata          freertos.o
    0x08015218   0x08015218   0x00000010   Data   RO         2796    .constdata          system_stm32f4xx.o
    0x08015228   0x08015228   0x00000008   Data   RO         2797    .constdata          system_stm32f4xx.o
    0x08015230   0x08015230   0x00000006   Data   RO         5338    .constdata          ethernet.o
    0x08015236   0x08015236   0x00000006   Data   RO         5339    .constdata          ethernet.o
    0x0801523c   0x0801523c   0x00000003   Data   RO         5793    .constdata          api_msg.o
    0x0801523f   0x0801523f   0x00000001   PAD
    0x08015240   0x08015240   0x00000044   Data   RO         5978    .constdata          err.o
    0x08015284   0x08015284   0x0000000c   Data   RO         6976    .constdata          memp.o
    0x08015290   0x08015290   0x0000000c   Data   RO         6977    .constdata          memp.o
    0x0801529c   0x0801529c   0x0000000c   Data   RO         6978    .constdata          memp.o
    0x080152a8   0x080152a8   0x0000000c   Data   RO         6979    .constdata          memp.o
    0x080152b4   0x080152b4   0x0000000c   Data   RO         6980    .constdata          memp.o
    0x080152c0   0x080152c0   0x0000000c   Data   RO         6981    .constdata          memp.o
    0x080152cc   0x080152cc   0x0000000c   Data   RO         6982    .constdata          memp.o
    0x080152d8   0x080152d8   0x0000000c   Data   RO         6983    .constdata          memp.o
    0x080152e4   0x080152e4   0x0000000c   Data   RO         6984    .constdata          memp.o
    0x080152f0   0x080152f0   0x0000000c   Data   RO         6985    .constdata          memp.o
    0x080152fc   0x080152fc   0x0000000c   Data   RO         6986    .constdata          memp.o
    0x08015308   0x08015308   0x0000000c   Data   RO         6987    .constdata          memp.o
    0x08015314   0x08015314   0x0000000c   Data   RO         6988    .constdata          memp.o
    0x08015320   0x08015320   0x00000034   Data   RO         6989    .constdata          memp.o
    0x08015354   0x08015354   0x00000054   Data   RO         7621    .constdata          tcp.o
    0x080153a8   0x080153a8   0x00000028   Data   RO         8145    .constdata          timeouts.o
    0x080153d0   0x080153d0   0x00000004   Data   RO         8798    .constdata          ip4_addr.o
    0x080153d4   0x080153d4   0x00000004   Data   RO         8799    .constdata          ip4_addr.o
    0x080153d8   0x080153d8   0x00000022   Data   RO          358    .conststring        freertos.o
    0x080153fa   0x080153fa   0x00000002   PAD
    0x080153fc   0x080153fc   0x00000075   Data   RO         7622    .conststring        tcp.o
    0x08015471   0x08015471   0x00000003   PAD
    0x08015474   0x08015474   0x00000055   Data   RO         7999    .conststring        tcp_out.o
    0x080154c9   0x080154c9   0x00000003   PAD
    0x080154cc   0x080154cc   0x00000042   Data   RO         8401    .conststring        dhcp.o
    0x0801550e   0x0801550e   0x00000002   PAD
    0x08015510   0x08015510   0x00000041   Data   RO         8589    .conststring        etharp.o
    0x08015551   0x08015551   0x00000003   PAD
    0x08015554   0x08015554   0x00000020   Data   RO         9953    Region$$Table       anon$$obj.o


    Execution Region RW_IRAM1 (Exec base: 0x20000000, Load base: 0x08015574, Size: 0x0000e6d0, Max: 0x0001c000, ABSOLUTE, COMPRESSED[0x0000001c])

    Exec Addr    Load Addr    Size         Type   Attr      Idx    E Section Name        Object

    0x20000000   COMPRESSED   0x00000010   Data   RW          359    .data               freertos.o
    0x20000010   COMPRESSED   0x0000000c   Data   RW         1590    .data               stm32f4xx_hal.o
    0x2000001c   COMPRESSED   0x00000004   Data   RW         2798    .data               system_stm32f4xx.o
    0x20000020   COMPRESSED   0x0000003c   Data   RW         3462    .data               tasks.o
    0x2000005c   COMPRESSED   0x00000014   Data   RW         3793    .data               timers.o
    0x20000070   COMPRESSED   0x00000004   Data   RW         4018    .data               cmsis_os2.o
    0x20000074   COMPRESSED   0x00000020   Data   RW         4464    .data               heap_4.o
    0x20000094   COMPRESSED   0x0000000c   Data   RW         4520    .data               port.o
    0x200000a0   COMPRESSED   0x00000004   Data   RW         4604    .data               ethernetif.o
    0x200000a4   COMPRESSED   0x0000001c   Data   RW         4730    .data               lwip.o
    0x200000c0   COMPRESSED   0x00000004   Data   RW         6223    .data               sockets.o
    0x200000c4   COMPRESSED   0x00000010   Data   RW         6501    .data               tcpip.o
    0x200000d4   COMPRESSED   0x00000010   Data   RW         6887    .data               mem.o
    0x200000e4   COMPRESSED   0x00000004   Data   RW         6990    .data               memp.o
    0x200000e8   COMPRESSED   0x00000004   Data   RW         6991    .data               memp.o
    0x200000ec   COMPRESSED   0x00000004   Data   RW         6992    .data               memp.o
    0x200000f0   COMPRESSED   0x00000004   Data   RW         6993    .data               memp.o
    0x200000f4   COMPRESSED   0x00000004   Data   RW         6994    .data               memp.o
    0x200000f8   COMPRESSED   0x00000004   Data   RW         6995    .data               memp.o
    0x200000fc   COMPRESSED   0x00000004   Data   RW         6996    .data               memp.o
    0x20000100   COMPRESSED   0x00000004   Data   RW         6997    .data               memp.o
    0x20000104   COMPRESSED   0x00000004   Data   RW         6998    .data               memp.o
    0x20000108   COMPRESSED   0x00000004   Data   RW         6999    .data               memp.o
    0x2000010c   COMPRESSED   0x00000004   Data   RW         7000    .data               memp.o
    0x20000110   COMPRESSED   0x00000004   Data   RW         7001    .data               memp.o
    0x20000114   COMPRESSED   0x00000004   Data   RW         7002    .data               memp.o
    0x20000118   COMPRESSED   0x0000000c   Data   RW         7126    .data               netif.o
    0x20000124   COMPRESSED   0x00000001   Data   RW         7324    .data               pbuf.o
    0x20000125   COMPRESSED   0x00000003   PAD
    0x20000128   COMPRESSED   0x00000020   Data   RW         7623    .data               tcp.o
    0x20000148   COMPRESSED   0x00000024   Data   RW         7898    .data               tcp_in.o
    0x2000016c   COMPRESSED   0x0000000c   Data   RW         8147    .data               timeouts.o
    0x20000178   COMPRESSED   0x00000008   Data   RW         8240    .data               udp.o
    0x20000180   COMPRESSED   0x00000014   Data   RW         8402    .data               dhcp.o
    0x20000194   COMPRESSED   0x00000001   Data   RW         8590    .data               etharp.o
    0x20000195   COMPRESSED   0x00000001   PAD
    0x20000196   COMPRESSED   0x00000002   Data   RW         8742    .data               ip4.o
    0x20000198   COMPRESSED   0x00000008   Data   RW         8869    .data               ip4_frag.o
    0x200001a0   COMPRESSED   0x00000004   Data   RW         9137    .data               sys_arch.o
    0x200001a4   COMPRESSED   0x00000004   Data   RW         9138    .data               sys_arch.o
    0x200001a8   COMPRESSED   0x00000004   Data   RW         9613    .data               mc_w.l(rand.o)
    0x200001ac   COMPRESSED   0x00000004   Data   RW         9914    .data               mc_w.l(stdout.o)
    0x200001b0        -       0x00000048   Zero   RW          500    .bss                stm32f4xx_hal_timebase_tim.o
    0x200001f8        -       0x00000040   Zero   RW         3037    .bss                queue.o
    0x20000238        -       0x000004c4   Zero   RW         3461    .bss                tasks.o
    0x200006fc        -       0x00000118   Zero   RW         3792    .bss                timers.o
    0x20000814        -       0x00000cb8   Zero   RW         4017    .bss                cmsis_os2.o
    0x200014cc        -       0x00004e20   Zero   RW         4463    .bss                heap_4.o
    0x200062ec        -       0x000030e8   Zero   RW         4603    .bss                ethernetif.o
    0x200093d4        -       0x00001280   Zero   RW         4729    .bss                lwip.o
    0x2000a654        -       0x00000040   Zero   RW         6222    .bss                sockets.o
    0x2000a694        -       0x00000018   Zero   RW         6854    .bss                ip.o
    0x2000a6ac        -       0x00000653   Zero   RW         6886    .bss                mem.o
    0x2000acff        -       0x00000083   Zero   RW         6963    .bss                memp.o
    0x2000ad82        -       0x0000030f   Zero   RW         6964    .bss                memp.o
    0x2000b091        -       0x000000e3   Zero   RW         6965    .bss                memp.o
    0x2000b174        -       0x00000103   Zero   RW         6966    .bss                memp.o
    0x2000b277        -       0x000000a3   Zero   RW         6967    .bss                memp.o
    0x2000b31a        -       0x0000016b   Zero   RW         6968    .bss                memp.o
    0x2000b485        -       0x00000023   Zero   RW         6969    .bss                memp.o
    0x2000b4a8        -       0x000000a3   Zero   RW         6970    .bss                memp.o
    0x2000b54b        -       0x00000083   Zero   RW         6971    .bss                memp.o
    0x2000b5ce        -       0x00000083   Zero   RW         6972    .bss                memp.o
    0x2000b651        -       0x00000053   Zero   RW         6973    .bss                memp.o
    0x2000b6a4        -       0x00000103   Zero   RW         6974    .bss                memp.o
    0x2000b7a7        -       0x00002603   Zero   RW         6975    .bss                memp.o
    0x2000ddaa   COMPRESSED   0x00000002   PAD
    0x2000ddac        -       0x00000010   Zero   RW         7897    .bss                tcp_in.o
    0x2000ddbc        -       0x00000020   Zero   RW         8400    .bss                dhcp.o
    0x2000dddc        -       0x000000f0   Zero   RW         8588    .bss                etharp.o
    0x2000decc   COMPRESSED   0x00000004   PAD
    0x2000ded0        -       0x00000800   Zero   RW            1    STACK               startup_stm32f407xx.o


    Execution Region RW_IRAM2 (Exec base: 0x2001c000, Load base: 0x08015590, Size: 0x00000000, Max: 0x00004000, ABSOLUTE)

    **** No section assigned to this execution region ****


==============================================================================

Image component sizes


      Code (inc. data)   RO Data    RW Data    ZI Data      Debug   Object Name

      3432       1978          0          0          0      43702   api_lib.o
      6716       2896          3          0          0      40848   api_msg.o
         0          0          0          0          0       2188   auth.o
         0          0          0          0          0       6099   bridgeif.o
      1346         42          0          4       3256      78262   cmsis_os2.o
         8          0          0          0          0       1114   def.o
      6240       2132         66         20         32      28852   dhcp.o
        28          4         68          0          0       3691   err.o
      2956       1188         65          1        240      12891   etharp.o
       412        154         12          0          0       2746   ethernet.o
      1394        188          0          4      12520       9166   ethernetif.o
         0          0          0          0          0      19480   event_groups.o
       120         26        122         16          0       2521   freertos.o
       148         12          0          0          0        943   gpio.o
       468         22          0         32      20000       4903   heap_4.o
       776        350          0          0          0       4462   icmp.o
        34          0          0          0          0      10127   init.o
         0          0          0          0         24       3230   ip.o
       950        186          0          2          0       5864   ip4.o
        46          0          8          0          0       8850   ip4_addr.o
      2904       1164          0          8          0      11778   ip4_frag.o
       138          0          0          0          0       3582   list.o
       456         60          0         28       4736      14090   lwip.o
       194         14          0          0          0     756173   main.o
      2150          0          0          0          0       7556   mb_tcp_slave.o
      2172       1044          0         16       1619       8145   mem.o
       746        500        208         52      12459      12507   memp.o
       390        240          0          0          0      11467   netbuf.o
      1794        998          0         12          0      16344   netif.o
      3466       1796          0          1          0      18241   pbuf.o
       786         82          0         12          0      11577   port.o
      2728         28          0          0         64      32101   queue.o
      3798       1310          0          4         64      42093   sockets.o
        36          8        392          0       2048        840   startup_stm32f407xx.o
       116         18          0         12          0       8758   stm32f4xx_hal.o
       158         14          0          0          0      33186   stm32f4xx_hal_cortex.o
      2452         74          0          0          0      15003   stm32f4xx_hal_eth.o
       522         46          0          0          0       2861   stm32f4xx_hal_gpio.o
        56          4          0          0          0        878   stm32f4xx_hal_msp.o
      1392         80          0          0          0       5826   stm32f4xx_hal_rcc.o
       786         72          0          0          0       7416   stm32f4xx_hal_tim.o
         4          0          0          0          0       1621   stm32f4xx_hal_tim_ex.o
       116         16          0          0         72       1440   stm32f4xx_hal_timebase_tim.o
        36         12          0          0          0       3790   stm32f4xx_it.o
         0          0          0          0          0        392   stream_buffer.o
       440         16          0          8          0      18248   sys_arch.o
        16          4         24          4          0       1147   system_stm32f4xx.o
      2544        216          0         60       1220      31746   tasks.o
      8032       4024        201         32          0      42804   tcp.o
      6910       2036          0         36         16      22739   tcp_in.o
      8536       4058         85          0          0      35082   tcp_out.o
      1164        666          0         16          0       8426   tcpip.o
       760        374         40         12          0       7587   timeouts.o
       972         80          0         20        280      32231   timers.o
      3106       1684          0          8          0      13959   udp.o

    ----------------------------------------------------------------------
     85036      29916       1340        424      58656    1531573   Object Totals
         0          0         32          0          0          0   (incl. Generated)
        86          0         14          4          6          0   (incl. Padding)

    ----------------------------------------------------------------------

      Code (inc. data)   RO Data    RW Data    ZI Data      Debug   Library Member Name

        86          0          0          0          0          0   __dczerorl2.o
         0          0          0          0          0          0   entry.o
         0          0          0          0          0          0   entry10a.o
         0          0          0          0          0          0   entry11a.o
         4          0          0          0          0          0   entry12b.o
         8          4          0          0          0          0   entry2.o
         4          0          0          0          0          0   entry5.o
         0          0          0          0          0          0   entry7b.o
         0          0          0          0          0          0   entry8b.o
         8          4          0          0          0          0   entry9a.o
        18          0          0          0          0         80   fputc.o
        30          0          0          0          0          0   handlers.o
        36          8          0          0          0         68   init.o
         0          0          0          0          0          0   iusesemip.o
        30          0          0          0          0         68   llshl.o
        32          0          0          0          0         68   llushr.o
        26          0          0          0          0         80   memcmp.o
        64          0          0          0          0         76   memmovea.o
        36          0          0          0          0        108   memseta.o
       472         14          0          0          0        184   printf3.o
        36         10          0          4          0        136   rand.o
         0          0          0          0          0          0   semi.o
         0          0          0          4          0          0   stdout.o
        44          0          0          0          0         80   uidiv.o
        98          0          0          0          0         92   uldiv.o

    ----------------------------------------------------------------------
      1036         40          0          8          0       1040   Library Totals
         4          0          0          0          0          0   (incl. Padding)

    ----------------------------------------------------------------------

      Code (inc. data)   RO Data    RW Data    ZI Data      Debug   Library Name

      1032         40          0          8          0       1040   mc_w.l

    ----------------------------------------------------------------------
      1036         40          0          8          0       1040   Library Totals

    ----------------------------------------------------------------------

==============================================================================


      Code (inc. data)   RO Data    RW Data    ZI Data      Debug   

     86072      29956       1340        432      58656    1483881   Grand Totals
     86072      29956       1340         28      58656    1483881   ELF Image Totals (compressed)
     86072      29956       1340         28          0          0   ROM Totals

==============================================================================

    Total RO  Size (Code + RO Data)                87412 (  85.36kB)
    Total RW  Size (RW Data + ZI Data)             59088 (  57.70kB)
    Total ROM Size (Code + RO Data + RW Data)      87440 (  85.39kB)

==============================================================================

