<html>
<body>
<pre>
<h1>µVision Build Log</h1>
<h2>Tool Versions:</h2>
IDE-Version: ¦ÌVision V5.36.0.0
Copyright (C) 2021 ARM Ltd and ARM Germany GmbH. All rights reserved.
License Information: Tao Li, SJTU, LIC=GHY60-VG7P1-J99G2-MRWR9-0CQLW-6EJ2R
 
Tool Versions:
Toolchain:       MDK-ARM Community  Version: 5.36.0.0
Toolchain Path:  C:\Keil_v5\ARM\ARMCC\Bin
C Compiler:      Armcc.exe V5.06 update 7 (build 960)
Assembler:       Armasm.exe V5.06 update 7 (build 960)
Linker/Locator:  ArmLink.exe V5.06 update 7 (build 960)
Library Manager: ArmAr.exe V5.06 update 7 (build 960)
Hex Converter:   FromElf.exe V5.06 update 7 (build 960)
CPU DLL:         SARMCM3.DLL V5.36.0.0
Dialog DLL:      DCM.DLL V1.17.3.0
Target DLL:      STLink\ST-LINKIII-KEIL_SWO.dll V3.0.9.0
Dialog DLL:      TCM.DLL V1.53.0.0
 
<h2>Project:</h2>
C:\Users\Derek\KeilProjects\eth_2022_04_24\MDK-ARM\eth_2022_04_24.uvprojx
Project File Date:  04/26/2022

<h2>Output:</h2>
*** Using Compiler 'V5.06 update 7 (build 960)', folder: 'C:\Keil_v5\ARM\ARMCC\Bin'
Rebuild target 'eth_2022_04_24'
assembling startup_stm32f407xx.s...
compiling stm32f4xx_hal_flash.c...
compiling stm32f4xx_hal_msp.c...
compiling gpio.c...
compiling stm32f4xx_it.c...
compiling stm32f4xx_hal_timebase_tim.c...
compiling stm32f4xx_hal_rcc_ex.c...
compiling stm32f4xx_hal_rcc.c...
compiling main.c...
compiling freertos.c...
compiling stm32f4xx_hal_flash_ex.c...
compiling stm32f4xx_hal_eth.c...
compiling stm32f4xx_hal_flash_ramfunc.c...
compiling stm32f4xx_hal_pwr.c...
compiling stm32f4xx_hal_pwr_ex.c...
compiling stm32f4xx_hal_gpio.c...
compiling stm32f4xx_hal_exti.c...
compiling stm32f4xx_hal.c...
compiling stm32f4xx_hal_cortex.c...
compiling stm32f4xx_hal_dma.c...
compiling croutine.c...
compiling stm32f4xx_hal_dma_ex.c...
compiling list.c...
compiling event_groups.c...
compiling stm32f4xx_hal_tim_ex.c...
compiling system_stm32f4xx.c...
compiling timers.c...
compiling stream_buffer.c...
compiling heap_4.c...
compiling queue.c...
compiling tasks.c...
compiling port.c...
compiling stm32f4xx_hal_tim.c...
compiling auth.c...
compiling ccp.c...
compiling chap_ms.c...
compiling ethernetif.c...
compiling chap-md5.c...
compiling lwip.c...
compiling chap-new.c...
compiling cmsis_os2.c...
compiling demand.c...
compiling eap.c...
compiling eui64.c...
compiling ipcp.c...
compiling fsm.c...
compiling ipv6cp.c...
compiling lcp.c...
compiling magic.c...
compiling mppe.c...
compiling multilink.c...
compiling ppp.c...
compiling pppapi.c...
compiling pppcrypt.c...
compiling pppoe.c...
compiling pppol2tp.c...
compiling pppos.c...
compiling upap.c...
compiling utils.c...
compiling vj.c...
compiling bridgeif.c...
compiling bridgeif_fdb.c...
compiling lowpan6.c...
compiling ethernet.c...
compiling lowpan6_ble.c...
compiling lowpan6_common.c...
compiling zepif.c...
compiling ecp.c...
compiling slipif.c...
compiling err.c...
compiling if_api.c...
compiling netdb.c...
compiling netbuf.c...
compiling api_lib.c...
compiling netifapi.c...
compiling api_msg.c...
compiling altcp.c...
compiling altcp_alloc.c...
compiling tcpip.c...
compiling altcp_tcp.c...
compiling def.c...
compiling dns.c...
compiling ip.c...
compiling inet_chksum.c...
compiling init.c...
compiling mem.c...
compiling sockets.c...
compiling memp.c...
compiling raw.c...
compiling stats.c...
compiling netif.c...
compiling sys.c...
compiling pbuf.c...
compiling autoip.c...
compiling timeouts.c...
compiling tcp.c...
compiling tcp_out.c...
compiling udp.c...
compiling igmp.c...
compiling icmp.c...
compiling tcp_in.c...
compiling etharp.c...
compiling ip4.c...
compiling dhcp.c...
compiling ip4_addr.c...
compiling dhcp6.c...
compiling ethip6.c...
compiling icmp6.c...
compiling inet6.c...
compiling ip6_addr.c...
compiling ip6.c...
compiling ip4_frag.c...
compiling ip6_frag.c...
compiling mld6.c...
compiling nd6.c...
compiling sys_arch.c...
compiling mb_tcp_slave.c...
compiling mqtt.c...
linking...
Program Size: Code=86072 RO-data=1340 RW-data=432 ZI-data=58656  
FromELF: creating hex file...
".\eth_2022_04_24\eth_2022_04_24.axf" - 0 Error(s), 0 Warning(s).

<h2>Software Packages used:</h2>

Package Vendor: ARM
                http://www.keil.com/pack/ARM.CMSIS.5.8.0.pack
                ARM.CMSIS.5.8.0
                CMSIS (Common Microcontroller Software Interface Standard)
   * Component: CORE Version: 5.5.0

Package Vendor: Keil
                http://www.keil.com/pack/Keil.STM32F4xx_DFP.2.16.0.pack
                Keil.STM32F4xx_DFP.2.16.0
                STMicroelectronics STM32F4 Series Device Support, Drivers and Examples

<h2>Collection of Component include folders:</h2>
  .\RTE\_eth_2022_04_24
  C:\Users\Derek\AppData\Local\Arm\Packs\ARM\CMSIS\5.8.0\CMSIS\Core\Include
  C:\Users\Derek\AppData\Local\Arm\Packs\Keil\STM32F4xx_DFP\2.16.0\Drivers\CMSIS\Device\ST\STM32F4xx\Include

<h2>Collection of Component Files used:</h2>

   * Component: ARM::CMSIS:CORE:5.5.0
      Include file:  CMSIS\Core\Include\tz_context.h
Build Time Elapsed:  00:00:08
</pre>
</body>
</html>
